<html>
<body>
<pre>
<h1>µVision Build Log</h1>
<h2>Tool Versions:</h2>
IDE-Version: ¦ÌVision V5.35.0.0
Copyright (C) 2021 ARM Ltd and ARM Germany GmbH. All rights reserved.
License Information: LZL LZL, LZL, LIC=UJWP0-B8QKI-BSAYX-HX2FA-CRL72-49XLK
 
Tool Versions:
Toolchain:       MDK-ARM Plus  Version: 5.35.0.2
Toolchain Path:  C:\Program Files\Keil\Keil_ARM\ARM\ARMCC\Bin
C Compiler:      Armcc.exe V5.06 update 7 (build 960)
Assembler:       Armasm.exe V5.06 update 7 (build 960)
Linker/Locator:  ArmLink.exe V5.06 update 7 (build 960)
Library Manager: ArmAr.exe V5.06 update 7 (build 960)
Hex Converter:   FromElf.exe V5.06 update 7 (build 960)
CPU DLL:         SARMCM3.DLL V5.35.0.2
Dialog DLL:      DARMCM1.DLL V1.19.4.0
Target DLL:      STLink\ST-LINKIII-KEIL_SWO.dll V3.0.9.0
Dialog DLL:      TARMCM1.DLL V1.14.4.0
 
<h2>Project:</h2>
c:\Users\zhang\Desktop\rtk20-heat-bed\RTK20\MDK-ARM\RTK20.uvprojx
Project File Date:  01/14/2022

<h2>Output:</h2>
*** Using Compiler 'V5.06 update 7 (build 960)', folder: 'C:\Program Files\Keil\Keil_ARM\ARM\ARMCC\Bin'
Build target 'RTK20'
compiling menu.c...
compiling myfun.c...
compiling main.c...
../Core/Src/main.c(64): warning:  #177-D: variable "oled_buff"  was declared but never referenced
    char oled_buff[20];
../Core/Src/main.c(66): warning:  #177-D: variable "color_red"  was declared but never referenced
    uint8_t color_red[] = {255, 0, 0};
../Core/Src/main.c(67): warning:  #177-D: variable "color_green"  was declared but never referenced
  	uint8_t color_green[] = {0, 255, 0};
../Core/Src/main.c: 3 warnings, 0 errors
compiling 24cxx.c...
Components\24cxx\24cxx.c(19): warning:  #940-D: missing return statement at end of non-void function "AT24CXX_Save" 
  }
Components\24cxx\24cxx.c(39): warning:  #940-D: missing return statement at end of non-void function "AT24CXX_Init" 
  }
Components\24cxx\24cxx.c: 2 warnings, 0 errors
linking...
Program Size: Code=20556 RO-data=2584 RW-data=44 ZI-data=3172  
FromELF: creating hex file...
"RTK20\RTK20.axf" - 0 Error(s), 5 Warning(s).

<h2>Software Packages used:</h2>

Package Vendor: ARM
                http://www.keil.com/pack/ARM.CMSIS.5.8.0.pack
                ARM.CMSIS.5.8.0
                CMSIS (Common Microcontroller Software Interface Standard)
   * Component: CORE Version: 5.5.0

Package Vendor: Keil
                http://www.keil.com/pack/Keil.STM32F0xx_DFP.2.1.0.pack
                Keil.STM32F0xx_DFP.2.1.0
                STMicroelectronics STM32F0 Series Device Support, Drivers and Examples

<h2>Collection of Component include folders:</h2>
  .\RTE\_RTK20
  C:\Users\zhang\AppData\Local\Arm\Packs\ARM\CMSIS\5.8.0\CMSIS\Core\Include
  C:\Users\zhang\AppData\Local\Arm\Packs\Keil\STM32F0xx_DFP\2.1.0\Drivers\CMSIS\Device\ST\STM32F0xx\Include

<h2>Collection of Component Files used:</h2>

   * Component: ARM::CMSIS:CORE:5.5.0
      Include file:  CMSIS\Core\Include\tz_context.h
Build Time Elapsed:  00:00:11
</pre>
</body>
</html>
