Component: ARM Compiler 5.06 update 7 (build 960) Tool: armlink [4d3601]

==============================================================================

Section Cross References

    startup_stm32f030x6.o(RESET) refers to startup_stm32f030x6.o(STACK) for __initial_sp
    startup_stm32f030x6.o(RESET) refers to startup_stm32f030x6.o(.text) for Reset_Handler
    startup_stm32f030x6.o(RESET) refers to stm32f0xx_it.o(i.NMI_Handler) for NMI_Handler
    startup_stm32f030x6.o(RESET) refers to stm32f0xx_it.o(i.HardFault_Handler) for HardFault_Handler
    startup_stm32f030x6.o(RESET) refers to stm32f0xx_it.o(i.SVC_Handler) for SVC_Handler
    startup_stm32f030x6.o(RESET) refers to stm32f0xx_it.o(i.PendSV_Handler) for PendSV_Handler
    startup_stm32f030x6.o(RESET) refers to stm32f0xx_it.o(i.SysTick_Handler) for SysTick_Handler
    startup_stm32f030x6.o(RESET) refers to stm32f0xx_it.o(i.EXTI0_1_IRQHandler) for EXTI0_1_IRQHandler
    startup_stm32f030x6.o(RESET) refers to stm32f0xx_it.o(i.EXTI4_15_IRQHandler) for EXTI4_15_IRQHandler
    startup_stm32f030x6.o(RESET) refers to stm32f0xx_it.o(i.DMA1_Channel1_IRQHandler) for DMA1_Channel1_IRQHandler
    startup_stm32f030x6.o(RESET) refers to stm32f0xx_it.o(i.DMA1_Channel2_3_IRQHandler) for DMA1_Channel2_3_IRQHandler
    startup_stm32f030x6.o(RESET) refers to stm32f0xx_it.o(i.ADC1_IRQHandler) for ADC1_IRQHandler
    startup_stm32f030x6.o(.text) refers to system_stm32f0xx.o(i.SystemInit) for SystemInit
    startup_stm32f030x6.o(.text) refers to entry.o(.ARM.Collect$$$$00000000) for __main
    main.o(i.SystemClock_Config) refers to memseta.o(.text) for __aeabi_memclr4
    main.o(i.SystemClock_Config) refers to stm32f0xx_hal_rcc.o(i.HAL_RCC_OscConfig) for HAL_RCC_OscConfig
    main.o(i.SystemClock_Config) refers to stm32f0xx_hal_rcc.o(i.HAL_RCC_ClockConfig) for HAL_RCC_ClockConfig
    main.o(i.SystemClock_Config) refers to stm32f0xx_hal_rcc_ex.o(i.HAL_RCCEx_PeriphCLKConfig) for HAL_RCCEx_PeriphCLKConfig
    main.o(i.main) refers to stm32f0xx_hal.o(i.HAL_Init) for HAL_Init
    main.o(i.main) refers to main.o(i.SystemClock_Config) for SystemClock_Config
    main.o(i.main) refers to gpio.o(i.MX_GPIO_Init) for MX_GPIO_Init
    main.o(i.main) refers to adc.o(i.MX_ADC_Init) for MX_ADC_Init
    main.o(i.main) refers to i2c.o(i.MX_I2C1_Init) for MX_I2C1_Init
    main.o(i.main) refers to tim.o(i.MX_TIM3_Init) for MX_TIM3_Init
    main.o(i.main) refers to tim.o(i.MX_TIM14_Init) for MX_TIM14_Init
    main.o(i.main) refers to dma.o(i.MX_DMA_Init) for MX_DMA_Init
    main.o(i.main) refers to usart.o(i.MX_USART1_UART_Init) for MX_USART1_UART_Init
    main.o(i.main) refers to tim.o(i.MX_TIM17_Init) for MX_TIM17_Init
    main.o(i.main) refers to rtc.o(i.MX_RTC_Init) for MX_RTC_Init
    main.o(i.main) refers to stm32f0xx_hal_gpio.o(i.HAL_GPIO_WritePin) for HAL_GPIO_WritePin
    main.o(i.main) refers to stm32f0xx_hal.o(i.HAL_Delay) for HAL_Delay
    main.o(i.main) refers to myfun.o(i.All_Init) for All_Init
    main.o(i.main) refers to stm32f0xx_hal_tim.o(i.HAL_TIM_PWM_Start) for HAL_TIM_PWM_Start
    main.o(i.main) refers to stm32f0xx_hal_tim.o(i.HAL_TIM_PWM_Stop) for HAL_TIM_PWM_Stop
    main.o(i.main) refers to 24cxx.o(i.AT24CXX_Save) for AT24CXX_Save
    main.o(i.main) refers to myfun.o(i.loopFun) for loopFun
    main.o(i.main) refers to tim.o(.bss) for htim14
    main.o(i.main) refers to oled.o(.bss) for u8g2
    gpio.o(i.HAL_GPIO_EXTI_Callback) refers to stm32f0xx_hal_gpio.o(i.HAL_GPIO_ReadPin) for HAL_GPIO_ReadPin
    gpio.o(i.HAL_GPIO_EXTI_Callback) refers to stm32f0xx_hal.o(i.HAL_GetTick) for HAL_GetTick
    gpio.o(i.HAL_GPIO_EXTI_Callback) refers to gpio.o(.data) for .data
    gpio.o(i.HAL_GPIO_EXTI_Callback) refers to myfun.o(.bss) for rtk20d
    gpio.o(i.MX_GPIO_Init) refers to memseta.o(.text) for __aeabi_memclr4
    gpio.o(i.MX_GPIO_Init) refers to stm32f0xx_hal_gpio.o(i.HAL_GPIO_WritePin) for HAL_GPIO_WritePin
    gpio.o(i.MX_GPIO_Init) refers to stm32f0xx_hal_gpio.o(i.HAL_GPIO_Init) for HAL_GPIO_Init
    gpio.o(i.MX_GPIO_Init) refers to stm32f0xx_hal_cortex.o(i.HAL_NVIC_SetPriority) for HAL_NVIC_SetPriority
    gpio.o(i.MX_GPIO_Init) refers to stm32f0xx_hal_cortex.o(i.HAL_NVIC_EnableIRQ) for HAL_NVIC_EnableIRQ
    adc.o(i.HAL_ADC_MspDeInit) refers to stm32f0xx_hal_gpio.o(i.HAL_GPIO_DeInit) for HAL_GPIO_DeInit
    adc.o(i.HAL_ADC_MspDeInit) refers to stm32f0xx_hal_dma.o(i.HAL_DMA_DeInit) for HAL_DMA_DeInit
    adc.o(i.HAL_ADC_MspDeInit) refers to stm32f0xx_hal_cortex.o(i.HAL_NVIC_DisableIRQ) for HAL_NVIC_DisableIRQ
    adc.o(i.HAL_ADC_MspInit) refers to memseta.o(.text) for __aeabi_memclr4
    adc.o(i.HAL_ADC_MspInit) refers to stm32f0xx_hal_gpio.o(i.HAL_GPIO_Init) for HAL_GPIO_Init
    adc.o(i.HAL_ADC_MspInit) refers to stm32f0xx_hal_dma.o(i.HAL_DMA_Init) for HAL_DMA_Init
    adc.o(i.HAL_ADC_MspInit) refers to main.o(i.Error_Handler) for Error_Handler
    adc.o(i.HAL_ADC_MspInit) refers to stm32f0xx_hal_cortex.o(i.HAL_NVIC_SetPriority) for HAL_NVIC_SetPriority
[...]
    i.UART_CheckIdleState                    0x08002ea8   Section        0  stm32f0xx_hal_uart.o(i.UART_CheckIdleState)
    i.UART_SetConfig                         0x08002f0c   Section        0  stm32f0xx_hal_uart.o(i.UART_SetConfig)
    i.UART_WaitOnFlagUntilTimeout            0x08003028   Section        0  stm32f0xx_hal_uart.o(i.UART_WaitOnFlagUntilTimeout)
    i.USER_ADC_Average                       0x080030fc   Section        0  adc.o(i.USER_ADC_Average)
    i.__0sprintf$6                           0x08003144   Section        0  printf6.o(i.__0sprintf$6)
    i.__ARM_common_ll_muluu                  0x0800316c   Section        0  stm32f0xx_hal_rcc.o(i.__ARM_common_ll_muluu)
    i.__ARM_common_switch8                   0x0800319c   Section        0  menu.o(i.__ARM_common_switch8)
    i.__NVIC_SetPriority                     0x080031b8   Section        0  stm32f0xx_hal_cortex.o(i.__NVIC_SetPriority)
    __NVIC_SetPriority                       0x080031b9   Thumb Code    60  stm32f0xx_hal_cortex.o(i.__NVIC_SetPriority)
    i.__scatterload_copy                     0x080031fc   Section       14  handlers.o(i.__scatterload_copy)
    i.__scatterload_null                     0x0800320a   Section        2  handlers.o(i.__scatterload_null)
    i.__scatterload_zeroinit                 0x0800320c   Section       14  handlers.o(i.__scatterload_zeroinit)
    i._printf_core                           0x0800321c   Section        0  printf6.o(i._printf_core)
    _printf_core                             0x0800321d   Thumb Code   768  printf6.o(i._printf_core)
    i._printf_post_padding                   0x08003520   Section        0  printf6.o(i._printf_post_padding)
    _printf_post_padding                     0x08003521   Thumb Code    32  printf6.o(i._printf_post_padding)
    i._printf_pre_padding                    0x08003540   Section        0  printf6.o(i._printf_pre_padding)
    _printf_pre_padding                      0x08003541   Thumb Code    44  printf6.o(i._printf_pre_padding)
    i._sputc                                 0x0800356c   Section        0  printf6.o(i._sputc)
    _sputc                                   0x0800356d   Thumb Code    10  printf6.o(i._sputc)
    i.aboutFun                               0x08003578   Section        0  menu.o(i.aboutFun)
    i.delay_us                               0x08003618   Section        0  oled.o(i.delay_us)
    i.helloMenu                              0x08003620   Section        0  menu.o(i.helloMenu)
    i.loopFun                                0x08003660   Section        0  myfun.o(i.loopFun)
    i.main                                   0x08003688   Section        0  main.o(i.main)
    i.manualSurfaceMenu                      0x0800371c   Section        0  menu.o(i.manualSurfaceMenu)
    i.modeFun                                0x08003858   Section        0  menu.o(i.modeFun)
    i.monitorFun                             0x08003890   Section        0  menu.o(i.monitorFun)
    i.peripheralFun                          0x080039c8   Section        0  menu.o(i.peripheralFun)
    i.reflowSurfaceMenu                      0x080039f8   Section        0  menu.o(i.reflowSurfaceMenu)
    i.settingMenu                            0x08003a10   Section        0  menu.o(i.settingMenu)
    i.u8g2Init                               0x08003ab4   Section        0  oled.o(i.u8g2Init)
    i.u8g2_ClearBuffer                       0x08003ae4   Section        0  u8g2_buffer.o(i.u8g2_ClearBuffer)
    i.u8g2_DrawBox                           0x08003afa   Section        0  u8g2_box.o(i.u8g2_DrawBox)
    i.u8g2_DrawCircle                        0x08003b3e   Section        0  u8g2_circle.o(i.u8g2_DrawCircle)
    i.u8g2_DrawDisc                          0x08003b7c   Section        0  u8g2_circle.o(i.u8g2_DrawDisc)
    i.u8g2_DrawFrame                         0x08003bba   Section        0  u8g2_box.o(i.u8g2_DrawFrame)
    i.u8g2_DrawGlyph                         0x08003c34   Section        0  u8g2_font.o(i.u8g2_DrawGlyph)
    i.u8g2_DrawHLine                         0x08003ca2   Section        0  u8g2_hvline.o(i.u8g2_DrawHLine)
    i.u8g2_DrawHVLine                        0x08003cae   Section        0  u8g2_hvline.o(i.u8g2_DrawHVLine)
    i.u8g2_DrawLine                          0x08003d4c   Section        0  u8g2_line.o(i.u8g2_DrawLine)
    i.u8g2_DrawPixel                         0x08003dfc   Section        0  u8g2_hvline.o(i.u8g2_DrawPixel)
    i.u8g2_DrawRBox                          0x08003e26   Section        0  u8g2_box.o(i.u8g2_DrawRBox)
    i.u8g2_DrawRFrame                        0x08003f0a   Section        0  u8g2_box.o(i.u8g2_DrawRFrame)
    i.u8g2_DrawSelectionList                 0x08004000   Section        0  u8g2_selection_list.o(i.u8g2_DrawSelectionList)
    i.u8g2_DrawStr                           0x0800407c   Section        0  u8g2_font.o(i.u8g2_DrawStr)
    i.u8g2_DrawUTF8                          0x0800408c   Section        0  u8g2_font.o(i.u8g2_DrawUTF8)
    i.u8g2_DrawUTF8Line                      0x0800409c   Section        0  u8g2_selection_list.o(i.u8g2_DrawUTF8Line)
    i.u8g2_DrawUTF8Lines                     0x0800416a   Section        0  u8g2_selection_list.o(i.u8g2_DrawUTF8Lines)
    i.u8g2_DrawVLine                         0x080041b4   Section        0  u8g2_hvline.o(i.u8g2_DrawVLine)
    i.u8g2_FirstPage                         0x080041c0   Section        0  u8g2_buffer.o(i.u8g2_FirstPage)
    i.u8g2_GetGlyphWidth                     0x080041dc   Section        0  u8g2_font.o(i.u8g2_GetGlyphWidth)
    i.u8g2_GetUTF8Width                      0x08004210   Section        0  u8g2_font.o(i.u8g2_GetUTF8Width)
    i.u8g2_IsIntersection                    0x08004220   Section        0  u8g2_intersection.o(i.u8g2_IsIntersection)
    i.u8g2_NextPage                          0x08004246   Section        0  u8g2_buffer.o(i.u8g2_NextPage)
    i.u8g2_SendBuffer                        0x08004286   Section        0  u8g2_buffer.o(i.u8g2_SendBuffer)
    i.u8g2_SetBufferCurrTileRow              0x08004296   Section        0  u8g2_buffer.o(i.u8g2_SetBufferCurrTileRow)
    i.u8g2_SetDrawColor                      0x080042b0   Section        0  u8g2_hvline.o(i.u8g2_SetDrawColor)
    i.u8g2_SetFont                           0x080042be   Section        0  u8g2_font.o(i.u8g2_SetFont)
    i.u8g2_SetFontDirection                  0x080042da   Section        0  u8g2_font.o(i.u8g2_SetFontDirection)
    i.u8g2_SetFontMode                       0x080042e0   Section        0  u8g2_font.o(i.u8g2_SetFontMode)
    i.u8g2_SetFontPosBaseline                0x080042e8   Section        0  u8g2_font.o(i.u8g2_SetFontPosBaseline)
    i.u8g2_SetMaxClipWindow                  0x080042f4   Section        0  u8g2_setup.o(i.u8g2_SetMaxClipWindow)
    i.u8g2_SetupBuffer                       0x08004310   Section        0  u8g2_setup.o(i.u8g2_SetupBuffer)
    i.u8g2_Setup_ssd1306_i2c_128x64_noname_f 0x08004350   Section        0  u8g2_d_setup.o(i.u8g2_Setup_ssd1306_i2c_128x64_noname_f)
    i.u8g2_UpdateRefHeight                   0x08004388   Section        0  u8g2_font.o(i.u8g2_UpdateRefHeight)
    i.u8g2_UserInterfaceSelectionList        0x080043d2   Section        0  u8g2_selection_list.o(i.u8g2_UserInterfaceSelectionList)
    i.u8g2_add_vector_x                      0x080044de   Section        0  u8g2_font.o(i.u8g2_add_vector_x)
    i.u8g2_add_vector_y                      0x080044fc   Section        0  u8g2_font.o(i.u8g2_add_vector_y)
    i.u8g2_apply_clip_window                 0x0800451a   Section        0  u8g2_setup.o(i.u8g2_apply_clip_window)
    u8g2_apply_clip_window                   0x0800451b   Thumb Code    82  u8g2_setup.o(i.u8g2_apply_clip_window)
    i.u8g2_clip_intersection2                0x0800456c   Section        0  u8g2_hvline.o(i.u8g2_clip_intersection2)
    u8g2_clip_intersection2                  0x0800456d   Thumb Code    60  u8g2_hvline.o(i.u8g2_clip_intersection2)
    i.u8g2_draw_circle                       0x080045a8   Section        0  u8g2_circle.o(i.u8g2_draw_circle)
    u8g2_draw_circle                         0x080045a9   Thumb Code    86  u8g2_circle.o(i.u8g2_draw_circle)
    i.u8g2_draw_circle_section               0x080045fe   Section        0  u8g2_circle.o(i.u8g2_draw_circle_section)
    u8g2_draw_circle_section                 0x080045ff   Thumb Code   176  u8g2_circle.o(i.u8g2_draw_circle_section)
    i.u8g2_draw_disc                         0x080046ae   Section        0  u8g2_circle.o(i.u8g2_draw_disc)
    u8g2_draw_disc                           0x080046af   Thumb Code    86  u8g2_circle.o(i.u8g2_draw_disc)
    i.u8g2_draw_disc_section                 0x08004704   Section        0  u8g2_circle.o(i.u8g2_draw_disc_section)
    u8g2_draw_disc_section                   0x08004705   Thumb Code   186  u8g2_circle.o(i.u8g2_draw_disc_section)
    i.u8g2_draw_hv_line_2dir                 0x080047be   Section        0  u8g2_hvline.o(i.u8g2_draw_hv_line_2dir)
    i.u8g2_draw_l90_r2                       0x080047d0   Section        0  u8g2_setup.o(i.u8g2_draw_l90_r2)
    i.u8g2_draw_string                       0x08004808   Section        0  u8g2_font.o(i.u8g2_draw_string)
    u8g2_draw_string                         0x08004809   Thumb Code   114  u8g2_font.o(i.u8g2_draw_string)
    i.u8g2_font_calc_vref_font               0x08004880   Section        0  u8g2_font.o(i.u8g2_font_calc_vref_font)
    i.u8g2_font_decode_get_signed_bits       0x08004884   Section        0  u8g2_font.o(i.u8g2_font_decode_get_signed_bits)
    i.u8g2_font_decode_get_unsigned_bits     0x08004898   Section        0  u8g2_font.o(i.u8g2_font_decode_get_unsigned_bits)
    i.u8g2_font_decode_glyph                 0x080048cc   Section        0  u8g2_font.o(i.u8g2_font_decode_glyph)
    i.u8g2_font_decode_len                   0x080049e0   Section        0  u8g2_font.o(i.u8g2_font_decode_len)
    i.u8g2_font_get_glyph_data               0x08004a6e   Section        0  u8g2_font.o(i.u8g2_font_get_glyph_data)
    i.u8g2_font_get_word                     0x08004ad8   Section        0  u8g2_font.o(i.u8g2_font_get_word)
    u8g2_font_get_word                       0x08004ad9   Thumb Code    14  u8g2_font.o(i.u8g2_font_get_word)
    i.u8g2_font_setup_decode                 0x08004ae6   Section        0  u8g2_font.o(i.u8g2_font_setup_decode)
    u8g2_font_setup_decode                   0x08004ae7   Thumb Code    54  u8g2_font.o(i.u8g2_font_setup_decode)
    i.u8g2_is_intersection_decision_tree     0x08004b1c   Section        0  u8g2_intersection.o(i.u8g2_is_intersection_decision_tree)
    i.u8g2_ll_hvline_vertical_top_lsb        0x08004b34   Section        0  u8g2_ll_hvline.o(i.u8g2_ll_hvline_vertical_top_lsb)
    i.u8g2_m_16_8_f                          0x08004bc0   Section        0  u8g2_d_memory.o(i.u8g2_m_16_8_f)
    i.u8g2_read_font_info                    0x08004bcc   Section        0  u8g2_font.o(i.u8g2_read_font_info)
    i.u8g2_send_buffer                       0x08004c36   Section        0  u8g2_buffer.o(i.u8g2_send_buffer)
    u8g2_send_buffer                         0x08004c37   Thumb Code    70  u8g2_buffer.o(i.u8g2_send_buffer)
    i.u8g2_string_width                      0x08004c7c   Section        0  u8g2_font.o(i.u8g2_string_width)
    u8g2_string_width                        0x08004c7d   Thumb Code   128  u8g2_font.o(i.u8g2_string_width)
    i.u8g2_update_dimension_common           0x08004d00   Section        0  u8g2_setup.o(i.u8g2_update_dimension_common)
    u8g2_update_dimension_common             0x08004d01   Thumb Code    60  u8g2_setup.o(i.u8g2_update_dimension_common)
    i.u8g2_update_dimension_r2               0x08004d3c   Section        0  u8g2_setup.o(i.u8g2_update_dimension_r2)
    i.u8g2_update_page_win_r2                0x08004d44   Section        0  u8g2_setup.o(i.u8g2_update_page_win_r2)
    i.u8sl_Next                              0x08004d6c   Section        0  u8x8_selection_list.o(i.u8sl_Next)
    i.u8sl_Prev                              0x08004d96   Section        0  u8x8_selection_list.o(i.u8sl_Prev)
    i.u8x8_DrawTile                          0x08004dc0   Section        0  u8x8_display.o(i.u8x8_DrawTile)
    i.u8x8_GetMenuEvent                      0x08004dda   Section        0  u8x8_debounce.o(i.u8x8_GetMenuEvent)
    i.u8x8_GetStringLineCnt                  0x08004e84   Section        0  u8x8_string.o(i.u8x8_GetStringLineCnt)
    i.u8x8_GetStringLineStart                0x08004ea0   Section        0  u8x8_string.o(i.u8x8_GetStringLineStart)
    i.u8x8_InitDisplay                       0x08004ec6   Section        0  u8x8_display.o(i.u8x8_InitDisplay)
    i.u8x8_RefreshDisplay                    0x08004ed6   Section        0  u8x8_display.o(i.u8x8_RefreshDisplay)
    i.u8x8_SetPowerSave                      0x08004ee6   Section        0  u8x8_display.o(i.u8x8_SetPowerSave)
    i.u8x8_Setup                             0x08004ef6   Section        0  u8x8_setup.o(i.u8x8_Setup)
    i.u8x8_SetupDefaults                     0x08004f14   Section        0  u8x8_setup.o(i.u8x8_SetupDefaults)
    i.u8x8_SetupMemory                       0x08004f38   Section        0  u8x8_display.o(i.u8x8_SetupMemory)
    i.u8x8_ascii_next                        0x08004f48   Section        0  u8x8_8x8.o(i.u8x8_ascii_next)
    i.u8x8_byte_EndTransfer                  0x08004f58   Section        0  u8x8_byte.o(i.u8x8_byte_EndTransfer)
    i.u8x8_byte_SendByte                     0x08004f68   Section        0  u8x8_byte.o(i.u8x8_byte_SendByte)
    i.u8x8_byte_StartTransfer                0x08004f76   Section        0  u8x8_byte.o(i.u8x8_byte_StartTransfer)
    i.u8x8_byte_hw_i2c                       0x08004f88   Section        0  oled.o(i.u8x8_byte_hw_i2c)
    i.u8x8_cad_EndTransfer                   0x08004ff8   Section        0  u8x8_cad.o(i.u8x8_cad_EndTransfer)
    i.u8x8_cad_SendArg                       0x08005008   Section        0  u8x8_cad.o(i.u8x8_cad_SendArg)
    i.u8x8_cad_SendCmd                       0x08005018   Section        0  u8x8_cad.o(i.u8x8_cad_SendCmd)
    i.u8x8_cad_SendData                      0x08005028   Section        0  u8x8_cad.o(i.u8x8_cad_SendData)
    i.u8x8_cad_SendSequence                  0x08005038   Section        0  u8x8_cad.o(i.u8x8_cad_SendSequence)
    i.u8x8_cad_StartTransfer                 0x0800509e   Section        0  u8x8_cad.o(i.u8x8_cad_StartTransfer)
    i.u8x8_cad_ssd13xx_fast_i2c              0x080050b0   Section        0  u8x8_cad.o(i.u8x8_cad_ssd13xx_fast_i2c)
    i.u8x8_d_helper_display_init             0x08005168   Section        0  u8x8_display.o(i.u8x8_d_helper_display_init)
    i.u8x8_d_helper_display_setup_memory     0x080051c6   Section        0  u8x8_display.o(i.u8x8_d_helper_display_setup_memory)
    i.u8x8_d_ssd1306_128x64_noname           0x080051d0   Section        0  u8x8_d_ssd1306_128x64_noname.o(i.u8x8_d_ssd1306_128x64_noname)
    i.u8x8_d_ssd1306_sh1106_generic          0x0800520c   Section        0  u8x8_d_ssd1306_128x64_noname.o(i.u8x8_d_ssd1306_sh1106_generic)
    u8x8_d_ssd1306_sh1106_generic            0x0800520d   Thumb Code   192  u8x8_d_ssd1306_128x64_noname.o(i.u8x8_d_ssd1306_sh1106_generic)
    i.u8x8_dummy_cb                          0x080052d0   Section        0  u8x8_setup.o(i.u8x8_dummy_cb)
    i.u8x8_gpio_and_delay                    0x080052d4   Section        0  oled.o(i.u8x8_gpio_and_delay)
    i.u8x8_gpio_call                         0x08005348   Section        0  u8x8_gpio.o(i.u8x8_gpio_call)
    i.u8x8_i2c_data_transfer                 0x08005354   Section        0  u8x8_cad.o(i.u8x8_i2c_data_transfer)
    u8x8_i2c_data_transfer                   0x08005355   Thumb Code    40  u8x8_cad.o(i.u8x8_i2c_data_transfer)
    i.u8x8_utf8_init                         0x0800537c   Section        0  u8x8_8x8.o(i.u8x8_utf8_init)
    i.u8x8_utf8_next                         0x08005384   Section        0  u8x8_8x8.o(i.u8x8_utf8_next)
    .constdata                               0x08005410   Section       16  system_stm32f0xx.o(.constdata)
    .constdata                               0x08005420   Section        8  system_stm32f0xx.o(.constdata)
    .constdata                               0x08005428   Section      256  u8g2_fonts.o(.constdata)
    .constdata                               0x08005528   Section     1347  u8g2_fonts.o(.constdata)
    .constdata                               0x08005a6b   Section      461  u8g2_fonts.o(.constdata)
    .constdata                               0x08005c38   Section       12  u8g2_setup.o(.constdata)
    .constdata                               0x08005c44   Section      276  u8x8_d_ssd1306_128x64_noname.o(.constdata)
    u8x8_d_ssd1306_128x64_noname_powersave0_seq 0x08005c44   Data           5  u8x8_d_ssd1306_128x64_noname.o(.constdata)
    u8x8_d_ssd1306_128x64_noname_powersave1_seq 0x08005c49   Data           5  u8x8_d_ssd1306_128x64_noname.o(.constdata)
    u8x8_d_ssd1306_128x64_noname_flip0_seq   0x08005c4e   Data           7  u8x8_d_ssd1306_128x64_noname.o(.constdata)
    u8x8_d_ssd1306_128x64_noname_flip1_seq   0x08005c55   Data           7  u8x8_d_ssd1306_128x64_noname.o(.constdata)
    u8x8_d_ssd1306_128x64_noname_init_seq    0x08005c5c   Data          53  u8x8_d_ssd1306_128x64_noname.o(.constdata)
    u8x8_d_ssd1306_128x64_vcomh0_init_seq    0x08005c91   Data          53  u8x8_d_ssd1306_128x64_noname.o(.constdata)
    u8x8_d_ssd1306_128x64_alt0_init_seq      0x08005cc6   Data          53  u8x8_d_ssd1306_128x64_noname.o(.constdata)
    u8x8_d_sh1106_128x64_winstar_init_seq    0x08005cfb   Data          45  u8x8_d_ssd1306_128x64_noname.o(.constdata)
    u8x8_ssd1306_128x64_noname_display_info  0x08005d28   Data          24  u8x8_d_ssd1306_128x64_noname.o(.constdata)
    u8x8_sh1106_128x64_noname_display_info   0x08005d40   Data          24  u8x8_d_ssd1306_128x64_noname.o(.constdata)
    .conststring                             0x08005d58   Section       70  menu.o(.conststring)
    .data                                    0x20000000   Section        4  gpio.o(.data)
    Sys_Tick                                 0x20000000   Data           4  gpio.o(.data)
    .data                                    0x20000004   Section        8  adc.o(.data)
    .data                                    0x2000000c   Section        8  myfun.o(.data)
    Sys_Tick                                 0x20000010   Data           4  myfun.o(.data)
    .data                                    0x20000014   Section       12  stm32f0xx_hal.o(.data)
    .data                                    0x20000020   Section        4  system_stm32f0xx.o(.data)
    .data                                    0x20000024   Section        1  oled.o(.data)
    buf_idx                                  0x20000024   Data           1  oled.o(.data)
    .data                                    0x20000025   Section        6  u8x8_cad.o(.data)
    in_transfer                              0x20000025   Data           1  u8x8_cad.o(.data)
    in_transfer                              0x20000026   Data           1  u8x8_cad.o(.data)
    in_transfer                              0x20000027   Data           1  u8x8_cad.o(.data)
    is_data                                  0x20000028   Data           1  u8x8_cad.o(.data)
    in_transfer                              0x20000029   Data           1  u8x8_cad.o(.data)
    is_data                                  0x2000002a   Data           1  u8x8_cad.o(.data)
    .bss                                     0x2000002c   Section      292  adc.o(.bss)
    .bss                                     0x20000150   Section       76  i2c.o(.bss)
    .bss                                     0x2000019c   Section       32  rtc.o(.bss)
    .bss                                     0x200001bc   Section      284  tim.o(.bss)
    .bss                                     0x200002d8   Section      132  usart.o(.bss)
    .bss                                     0x2000035c   Section       28  myfun.o(.bss)
    .bss                                     0x20000378   Section       12  myfun.o(.bss)
    .bss                                     0x20000384   Section      128  oled.o(.bss)
    buffer                                   0x20000384   Data         128  oled.o(.bss)
    .bss                                     0x20000404   Section      148  oled.o(.bss)
    .bss                                     0x20000498   Section     1024  u8g2_d_memory.o(.bss)
    buf                                      0x20000498   Data        1024  u8g2_d_memory.o(.bss)
    STACK                                    0x20000898   Section     1024  startup_stm32f030x6.o(STACK)

    Global Symbols

    Symbol Name                              Value     Ov Type        Size  Object(Section)

    BuildAttributes$$THM_ISAv3M$S$PE$A:L22$X:L11$S22$IEEE1$IW$USESV6$~STKCKD$USESV7$~SHL$OSPACE$ROPI$EBA8$MICROLIB$REQ8$PRES8$EABIv2 0x00000000   Number         0  anon$$obj.o ABSOLUTE
    __ARM_use_no_argv                        0x00000000   Number         0  main.o ABSOLUTE
    _printf_a                                0x00000000   Number         0  stubs.o ABSOLUTE
    _printf_c                                0x00000000   Number         0  stubs.o ABSOLUTE
    _printf_charcount                        0x00000000   Number         0  stubs.o ABSOLUTE
    _printf_d                                0x00000000   Number         0  stubs.o ABSOLUTE
    _printf_e                                0x00000000   Number         0  stubs.o ABSOLUTE
    _printf_f                                0x00000000   Number         0  stubs.o ABSOLUTE
    _printf_flags                            0x00000000   Number         0  stubs.o ABSOLUTE
    _printf_fp_dec                           0x00000000   Number         0  stubs.o ABSOLUTE
    _printf_fp_hex                           0x00000000   Number         0  stubs.o ABSOLUTE
    _printf_g                                0x00000000   Number         0  stubs.o ABSOLUTE
    _printf_i                                0x00000000   Number         0  stubs.o ABSOLUTE
    _printf_int_dec                          0x00000000   Number         0  stubs.o ABSOLUTE
    _printf_l                                0x00000000   Number         0  stubs.o ABSOLUTE
    _printf_lc                               0x00000000   Number         0  stubs.o ABSOLUTE
    _printf_ll                               0x00000000   Number         0  stubs.o ABSOLUTE
    _printf_lld                              0x00000000   Number         0  stubs.o ABSOLUTE
    _printf_lli                              0x00000000   Number         0  stubs.o ABSOLUTE
    _printf_llo                              0x00000000   Number         0  stubs.o ABSOLUTE
    _printf_llu                              0x00000000   Number         0  stubs.o ABSOLUTE
    _printf_llx                              0x00000000   Number         0  stubs.o ABSOLUTE
    _printf_longlong_dec                     0x00000000   Number         0  stubs.o ABSOLUTE
    _printf_longlong_hex                     0x00000000   Number         0  stubs.o ABSOLUTE
    _printf_longlong_oct                     0x00000000   Number         0  stubs.o ABSOLUTE
    _printf_ls                               0x00000000   Number         0  stubs.o ABSOLUTE
    _printf_mbtowc                           0x00000000   Number         0  stubs.o ABSOLUTE
    _printf_n                                0x00000000   Number         0  stubs.o ABSOLUTE
    _printf_o                                0x00000000   Number         0  stubs.o ABSOLUTE
    _printf_p                                0x00000000   Number         0  stubs.o ABSOLUTE
    _printf_percent                          0x00000000   Number         0  stubs.o ABSOLUTE
    _printf_pre_padding                      0x00000000   Number         0  stubs.o ABSOLUTE
    _printf_return_value                     0x00000000   Number         0  stubs.o ABSOLUTE
    _printf_s                                0x00000000   Number         0  stubs.o ABSOLUTE
    _printf_sizespec                         0x00000000   Number         0  stubs.o ABSOLUTE
    _printf_str                              0x00000000   Number         0  stubs.o ABSOLUTE
    _printf_truncate_signed                  0x00000000   Number         0  stubs.o ABSOLUTE
    _printf_truncate_unsigned                0x00000000   Number         0  stubs.o ABSOLUTE
    _printf_u                                0x00000000   Number         0  stubs.o ABSOLUTE
    _printf_wc                               0x00000000   Number         0  stubs.o ABSOLUTE
    _printf_wctomb                           0x00000000   Number         0  stubs.o ABSOLUTE
    _printf_widthprec                        0x00000000   Number         0  stubs.o ABSOLUTE
    _printf_x                                0x00000000   Number         0  stubs.o ABSOLUTE
    __arm_fini_                               - Undefined Weak Reference
    __cpp_initialize__aeabi_                  - Undefined Weak Reference
    __cxa_finalize                            - Undefined Weak Reference
    __decompress                              - Undefined Weak Reference
    _clock_init                               - Undefined Weak Reference
    _microlib_exit                            - Undefined Weak Reference
    __Vectors_Size                           0x000000b0   Number         0  startup_stm32f030x6.o ABSOLUTE
    __Vectors                                0x08000000   Data           4  startup_stm32f030x6.o(RESET)
    __Vectors_End                            0x080000b0   Data           0  startup_stm32f030x6.o(RESET)
    __main                                   0x080000b1   Thumb Code     0  entry.o(.ARM.Collect$$$$00000000)
    _main_stk                                0x080000b1   Thumb Code     0  entry2.o(.ARM.Collect$$$$00000001)
    _main_scatterload                        0x080000b5   Thumb Code     0  entry5.o(.ARM.Collect$$$$00000004)
    __main_after_scatterload                 0x080000b9   Thumb Code     0  entry5.o(.ARM.Collect$$$$00000004)
    _main_clock                              0x080000b9   Thumb Code     0  entry7b.o(.ARM.Collect$$$$00000008)
    _main_cpp_init                           0x080000b9   Thumb Code     0  entry8b.o(.ARM.Collect$$$$0000000A)
    _main_init                               0x080000b9   Thumb Code     0  entry9a.o(.ARM.Collect$$$$0000000B)
    __rt_lib_shutdown_fini                   0x080000c1   Thumb Code     0  entry12b.o(.ARM.Collect$$$$0000000E)
    __rt_final_cpp                           0x080000c5   Thumb Code     0  entry10a.o(.ARM.Collect$$$$0000000F)
    __rt_final_exit                          0x080000c5   Thumb Code     0  entry11a.o(.ARM.Collect$$$$00000011)
    Reset_Handler                            0x080000c9   Thumb Code     8  startup_stm32f030x6.o(.text)
    DMA1_Channel4_5_IRQHandler               0x080000db   Thumb Code     0  startup_stm32f030x6.o(.text)
    EXTI2_3_IRQHandler                       0x080000db   Thumb Code     0  startup_stm32f030x6.o(.text)
    FLASH_IRQHandler                         0x080000db   Thumb Code     0  startup_stm32f030x6.o(.text)
    I2C1_IRQHandler                          0x080000db   Thumb Code     0  startup_stm32f030x6.o(.text)
    RCC_IRQHandler                           0x080000db   Thumb Code     0  startup_stm32f030x6.o(.text)
    RTC_IRQHandler                           0x080000db   Thumb Code     0  startup_stm32f030x6.o(.text)
    SPI1_IRQHandler                          0x080000db   Thumb Code     0  startup_stm32f030x6.o(.text)
    TIM14_IRQHandler                         0x080000db   Thumb Code     0  startup_stm32f030x6.o(.text)
    TIM16_IRQHandler                         0x080000db   Thumb Code     0  startup_stm32f030x6.o(.text)
    TIM17_IRQHandler                         0x080000db   Thumb Code     0  startup_stm32f030x6.o(.text)
    TIM1_BRK_UP_TRG_COM_IRQHandler           0x080000db   Thumb Code     0  startup_stm32f030x6.o(.text)
    TIM1_CC_IRQHandler                       0x080000db   Thumb Code     0  startup_stm32f030x6.o(.text)
    TIM3_IRQHandler                          0x080000db   Thumb Code     0  startup_stm32f030x6.o(.text)
    USART1_IRQHandler                        0x080000db   Thumb Code     0  startup_stm32f030x6.o(.text)
    WWDG_IRQHandler                          0x080000db   Thumb Code     0  startup_stm32f030x6.o(.text)
    __aeabi_uidiv                            0x080000e5   Thumb Code     0  uidiv.o(.text)
    __aeabi_uidivmod                         0x080000e5   Thumb Code    44  uidiv.o(.text)
    __aeabi_idiv                             0x08000111   Thumb Code     0  idiv.o(.text)
    __aeabi_idivmod                          0x08000111   Thumb Code    40  idiv.o(.text)
    __aeabi_uldivmod                         0x08000139   Thumb Code    96  uldiv.o(.text)
    __aeabi_llsr                             0x08000199   Thumb Code    34  llushr.o(.text)
    _ll_ushift_r                             0x08000199   Thumb Code     0  llushr.o(.text)
    __aeabi_memset                           0x080001bb   Thumb Code    14  memseta.o(.text)
    __aeabi_memset4                          0x080001bb   Thumb Code     0  memseta.o(.text)
    __aeabi_memset8                          0x080001bb   Thumb Code     0  memseta.o(.text)
    __aeabi_memclr                           0x080001c9   Thumb Code     4  memseta.o(.text)
    __aeabi_memclr4                          0x080001c9   Thumb Code     0  memseta.o(.text)
    __aeabi_memclr8                          0x080001c9   Thumb Code     0  memseta.o(.text)
    _memset$wrapper                          0x080001cd   Thumb Code    18  memseta.o(.text)
    __aeabi_llsl                             0x080001df   Thumb Code    32  llshl.o(.text)
    _ll_shift_l                              0x080001df   Thumb Code     0  llshl.o(.text)
    __scatterload                            0x08000201   Thumb Code    28  init.o(.text)
    __scatterload_rt2                        0x08000201   Thumb Code     0  init.o(.text)
    ADC1_IRQHandler                          0x08000225   Thumb Code    10  stm32f0xx_it.o(i.ADC1_IRQHandler)
    AT24CXX_Check                            0x08000355   Thumb Code    40  24cxx.o(i.AT24CXX_Check)
    AT24CXX_Init                             0x08000381   Thumb Code    40  24cxx.o(i.AT24CXX_Init)
    AT24CXX_ReadLenByte                      0x080003ad   Thumb Code    38  24cxx.o(i.AT24CXX_ReadLenByte)
    AT24CXX_ReadOneByte                      0x080003d5   Thumb Code    38  24cxx.o(i.AT24CXX_ReadOneByte)
    AT24CXX_Save                             0x08000401   Thumb Code    42  24cxx.o(i.AT24CXX_Save)
    AT24CXX_WriteLenByte                     0x08000431   Thumb Code    38  24cxx.o(i.AT24CXX_WriteLenByte)
    AT24CXX_WriteOneByte                     0x08000459   Thumb Code    38  24cxx.o(i.AT24CXX_WriteOneByte)
    All_Init                                 0x08000485   Thumb Code    50  myfun.o(i.All_Init)
    DMA1_Channel1_IRQHandler                 0x080004cd   Thumb Code    16  stm32f0xx_it.o(i.DMA1_Channel1_IRQHandler)
    DMA1_Channel2_3_IRQHandler               0x080004e5   Thumb Code    10  stm32f0xx_it.o(i.DMA1_Channel2_3_IRQHandler)
    EXTI0_1_IRQHandler                       0x08000541   Thumb Code    10  stm32f0xx_it.o(i.EXTI0_1_IRQHandler)
    EXTI4_15_IRQHandler                      0x0800054b   Thumb Code    16  stm32f0xx_it.o(i.EXTI4_15_IRQHandler)
    Error_Handler                            0x0800055b   Thumb Code     4  main.o(i.Error_Handler)
    HAL_ADC_ConfigChannel                    0x08000561   Thumb Code   254  stm32f0xx_hal_adc.o(i.HAL_ADC_ConfigChannel)
    HAL_ADC_ConvCpltCallback                 0x08000671   Thumb Code     2  stm32f0xx_hal_adc.o(i.HAL_ADC_ConvCpltCallback)
    HAL_ADC_ConvHalfCpltCallback             0x08000673   Thumb Code     2  stm32f0xx_hal_adc.o(i.HAL_ADC_ConvHalfCpltCallback)
    HAL_ADC_ErrorCallback                    0x08000675   Thumb Code     2  stm32f0xx_hal_adc.o(i.HAL_ADC_ErrorCallback)
    HAL_ADC_IRQHandler                       0x08000677   Thumb Code   208  stm32f0xx_hal_adc.o(i.HAL_ADC_IRQHandler)
    HAL_ADC_Init                             0x08000749   Thumb Code   366  stm32f0xx_hal_adc.o(i.HAL_ADC_Init)
    HAL_ADC_LevelOutOfWindowCallback         0x080008c1   Thumb Code     2  stm32f0xx_hal_adc.o(i.HAL_ADC_LevelOutOfWindowCallback)
    HAL_ADC_MspInit                          0x080008c5   Thumb Code   142  adc.o(i.HAL_ADC_MspInit)
    HAL_ADC_Start_DMA                        0x08000965   Thumb Code   144  stm32f0xx_hal_adc.o(i.HAL_ADC_Start_DMA)
    HAL_DMA_IRQHandler                       0x08000a05   Thumb Code   156  stm32f0xx_hal_dma.o(i.HAL_DMA_IRQHandler)
    HAL_DMA_Init                             0x08000aa1   Thumb Code    78  stm32f0xx_hal_dma.o(i.HAL_DMA_Init)
    HAL_DMA_Start_IT                         0x08000af5   Thumb Code   106  stm32f0xx_hal_dma.o(i.HAL_DMA_Start_IT)
    HAL_Delay                                0x08000b61   Thumb Code    32  stm32f0xx_hal.o(i.HAL_Delay)
    HAL_GPIO_EXTI_Callback                   0x08000b85   Thumb Code   208  gpio.o(i.HAL_GPIO_EXTI_Callback)
    HAL_GPIO_EXTI_IRQHandler                 0x08000c61   Thumb Code    18  stm32f0xx_hal_gpio.o(i.HAL_GPIO_EXTI_IRQHandler)
    HAL_GPIO_Init                            0x08000c79   Thumb Code   396  stm32f0xx_hal_gpio.o(i.HAL_GPIO_Init)
    HAL_GPIO_ReadPin                         0x08000e1d   Thumb Code    10  stm32f0xx_hal_gpio.o(i.HAL_GPIO_ReadPin)
    HAL_GPIO_WritePin                        0x08000e27   Thumb Code    12  stm32f0xx_hal_gpio.o(i.HAL_GPIO_WritePin)
    HAL_GetTick                              0x08000e35   Thumb Code     6  stm32f0xx_hal.o(i.HAL_GetTick)
    HAL_HalfDuplex_Init                      0x08000e41   Thumb Code   106  stm32f0xx_hal_uart.o(i.HAL_HalfDuplex_Init)
    HAL_I2CEx_ConfigAnalogFilter             0x08000eab   Thumb Code    74  stm32f0xx_hal_i2c_ex.o(i.HAL_I2CEx_ConfigAnalogFilter)
    HAL_I2CEx_ConfigDigitalFilter            0x08000ef5   Thumb Code    72  stm32f0xx_hal_i2c_ex.o(i.HAL_I2CEx_ConfigDigitalFilter)
    HAL_I2C_Init                             0x08000f3d   Thumb Code   176  stm32f0xx_hal_i2c.o(i.HAL_I2C_Init)
    HAL_I2C_Master_Transmit                  0x08000ff1   Thumb Code   262  stm32f0xx_hal_i2c.o(i.HAL_I2C_Master_Transmit)
    HAL_I2C_Mem_Read                         0x08001101   Thumb Code   332  stm32f0xx_hal_i2c.o(i.HAL_I2C_Mem_Read)
    HAL_I2C_Mem_Write                        0x08001255   Thumb Code   326  stm32f0xx_hal_i2c.o(i.HAL_I2C_Mem_Write)
    HAL_I2C_MspInit                          0x080013a1   Thumb Code    92  i2c.o(i.HAL_I2C_MspInit)
    HAL_IncTick                              0x08001405   Thumb Code    12  stm32f0xx_hal.o(i.HAL_IncTick)
    HAL_Init                                 0x08001415   Thumb Code    26  stm32f0xx_hal.o(i.HAL_Init)
    HAL_InitTick                             0x08001435   Thumb Code    58  stm32f0xx_hal.o(i.HAL_InitTick)
    HAL_MspInit                              0x08001479   Thumb Code    34  stm32f0xx_hal_msp.o(i.HAL_MspInit)
    HAL_NVIC_EnableIRQ                       0x080014a1   Thumb Code    18  stm32f0xx_hal_cortex.o(i.HAL_NVIC_EnableIRQ)
    HAL_NVIC_SetPriority                     0x080014b9   Thumb Code     8  stm32f0xx_hal_cortex.o(i.HAL_NVIC_SetPriority)
    HAL_RCCEx_PeriphCLKConfig                0x080014c1   Thumb Code   218  stm32f0xx_hal_rcc_ex.o(i.HAL_RCCEx_PeriphCLKConfig)
    HAL_RCC_ClockConfig                      0x080015a9   Thumb Code   242  stm32f0xx_hal_rcc.o(i.HAL_RCC_ClockConfig)
    HAL_RCC_GetPCLK1Freq                     0x080016b1   Thumb Code    20  stm32f0xx_hal_rcc.o(i.HAL_RCC_GetPCLK1Freq)
    HAL_RCC_GetSysClockFreq                  0x080016d1   Thumb Code    84  stm32f0xx_hal_rcc.o(i.HAL_RCC_GetSysClockFreq)
    HAL_RCC_OscConfig                        0x08001751   Thumb Code   890  stm32f0xx_hal_rcc.o(i.HAL_RCC_OscConfig)
    HAL_RTC_Init                             0x08001ad9   Thumb Code   174  stm32f0xx_hal_rtc.o(i.HAL_RTC_Init)
    HAL_RTC_MspInit                          0x08001b8d   Thumb Code    22  rtc.o(i.HAL_RTC_MspInit)
    HAL_RTC_SetDate                          0x08001bad   Thumb Code   184  stm32f0xx_hal_rtc.o(i.HAL_RTC_SetDate)
    HAL_RTC_SetTime                          0x08001c69   Thumb Code   216  stm32f0xx_hal_rtc.o(i.HAL_RTC_SetTime)
    HAL_RTC_WaitForSynchro                   0x08001d45   Thumb Code    52  stm32f0xx_hal_rtc.o(i.HAL_RTC_WaitForSynchro)
    HAL_SYSTICK_Config                       0x08001d79   Thumb Code    38  stm32f0xx_hal_cortex.o(i.HAL_SYSTICK_Config)
    HAL_TIMEx_ConfigBreakDeadTime            0x08001da9   Thumb Code    94  stm32f0xx_hal_tim_ex.o(i.HAL_TIMEx_ConfigBreakDeadTime)
    HAL_TIMEx_MasterConfigSynchronization    0x08001e09   Thumb Code    72  stm32f0xx_hal_tim_ex.o(i.HAL_TIMEx_MasterConfigSynchronization)
    HAL_TIM_Base_Init                        0x08001e59   Thumb Code    72  stm32f0xx_hal_tim.o(i.HAL_TIM_Base_Init)
    HAL_TIM_Base_MspInit                     0x08001ea1   Thumb Code   134  tim.o(i.HAL_TIM_Base_MspInit)
    HAL_TIM_ConfigClockSource                0x08001f45   Thumb Code   220  stm32f0xx_hal_tim.o(i.HAL_TIM_ConfigClockSource)
    HAL_TIM_MspPostInit                      0x08002021   Thumb Code   138  tim.o(i.HAL_TIM_MspPostInit)
    HAL_TIM_PWM_ConfigChannel                0x080020c1   Thumb Code   208  stm32f0xx_hal_tim.o(i.HAL_TIM_PWM_ConfigChannel)
    HAL_TIM_PWM_Init                         0x08002191   Thumb Code    72  stm32f0xx_hal_tim.o(i.HAL_TIM_PWM_Init)
    HAL_TIM_PWM_MspInit                      0x080021d9   Thumb Code     2  stm32f0xx_hal_tim.o(i.HAL_TIM_PWM_MspInit)
    HAL_TIM_PWM_Start                        0x080021dd   Thumb Code   138  stm32f0xx_hal_tim.o(i.HAL_TIM_PWM_Start)
    HAL_TIM_PWM_Stop                         0x08002279   Thumb Code   120  stm32f0xx_hal_tim.o(i.HAL_TIM_PWM_Stop)
    HAL_UART_MspInit                         0x08002301   Thumb Code    86  usart.o(i.HAL_UART_MspInit)
    HardFault_Handler                        0x08002361   Thumb Code     2  stm32f0xx_it.o(i.HardFault_Handler)
    MX_ADC_Init                              0x080025e1   Thumb Code   154  adc.o(i.MX_ADC_Init)
    MX_DMA_Init                              0x08002685   Thumb Code    52  dma.o(i.MX_DMA_Init)
    MX_GPIO_Init                             0x080026bd   Thumb Code   162  gpio.o(i.MX_GPIO_Init)
    MX_I2C1_Init                             0x08002769   Thumb Code    84  i2c.o(i.MX_I2C1_Init)
    MX_RTC_Init                              0x080027c9   Thumb Code   114  rtc.o(i.MX_RTC_Init)
    MX_TIM14_Init                            0x08002845   Thumb Code   102  tim.o(i.MX_TIM14_Init)
    MX_TIM17_Init                            0x080028b5   Thumb Code   150  tim.o(i.MX_TIM17_Init)
    MX_TIM3_Init                             0x08002955   Thumb Code   154  tim.o(i.MX_TIM3_Init)
    MX_USART1_UART_Init                      0x080029f9   Thumb Code    48  usart.o(i.MX_USART1_UART_Init)
    NMI_Handler                              0x08002a31   Thumb Code     2  stm32f0xx_it.o(i.NMI_Handler)
    PendSV_Handler                           0x08002a33   Thumb Code     2  stm32f0xx_it.o(i.PendSV_Handler)
    RTC_ByteToBcd2                           0x08002a35   Thumb Code    22  stm32f0xx_hal_rtc.o(i.RTC_ByteToBcd2)
    RTC_EnterInitMode                        0x08002a4b   Thumb Code    56  stm32f0xx_hal_rtc.o(i.RTC_EnterInitMode)
    SVC_Handler                              0x08002a83   Thumb Code     2  stm32f0xx_it.o(i.SVC_Handler)
    SysTick_Handler                          0x08002a85   Thumb Code     8  stm32f0xx_it.o(i.SysTick_Handler)
    SystemClock_Config                       0x08002a8d   Thumb Code   132  main.o(i.SystemClock_Config)
    SystemInit                               0x08002b15   Thumb Code     2  system_stm32f0xx.o(i.SystemInit)
    TIM_Base_SetConfig                       0x08002b19   Thumb Code   100  stm32f0xx_hal_tim.o(i.TIM_Base_SetConfig)
    TIM_CCxChannelCmd                        0x08002b91   Thumb Code    26  stm32f0xx_hal_tim.o(i.TIM_CCxChannelCmd)
    TIM_ETR_SetConfig                        0x08002bab   Thumb Code    22  stm32f0xx_hal_tim.o(i.TIM_ETR_SetConfig)
    TIM_OC2_SetConfig                        0x08002c49   Thumb Code   104  stm32f0xx_hal_tim.o(i.TIM_OC2_SetConfig)
    UART_AdvFeatureConfig                    0x08002ddd   Thumb Code   202  stm32f0xx_hal_uart.o(i.UART_AdvFeatureConfig)
    UART_CheckIdleState                      0x08002ea9   Thumb Code    94  stm32f0xx_hal_uart.o(i.UART_CheckIdleState)
    UART_SetConfig                           0x08002f0d   Thumb Code   268  stm32f0xx_hal_uart.o(i.UART_SetConfig)
    UART_WaitOnFlagUntilTimeout              0x08003029   Thumb Code   212  stm32f0xx_hal_uart.o(i.UART_WaitOnFlagUntilTimeout)
    USER_ADC_Average                         0x080030fd   Thumb Code    58  adc.o(i.USER_ADC_Average)
    __0sprintf$6                             0x08003145   Thumb Code    36  printf6.o(i.__0sprintf$6)
    __1sprintf$6                             0x08003145   Thumb Code     0  printf6.o(i.__0sprintf$6)
    __2sprintf                               0x08003145   Thumb Code     0  printf6.o(i.__0sprintf$6)
    __ARM_common_ll_muluu                    0x0800316d   Thumb Code    48  stm32f0xx_hal_rcc.o(i.__ARM_common_ll_muluu)
    __ARM_common_switch8                     0x0800319d   Thumb Code    26  menu.o(i.__ARM_common_switch8)
    __scatterload_copy                       0x080031fd   Thumb Code    14  handlers.o(i.__scatterload_copy)
    __scatterload_null                       0x0800320b   Thumb Code     2  handlers.o(i.__scatterload_null)
    __scatterload_zeroinit                   0x0800320d   Thumb Code    14  handlers.o(i.__scatterload_zeroinit)
    aboutFun                                 0x08003579   Thumb Code    90  menu.o(i.aboutFun)
    delay_us                                 0x08003619   Thumb Code     8  oled.o(i.delay_us)
    helloMenu                                0x08003621   Thumb Code    52  menu.o(i.helloMenu)
    loopFun                                  0x08003661   Thumb Code    36  myfun.o(i.loopFun)
    main                                     0x08003689   Thumb Code   130  main.o(i.main)
    manualSurfaceMenu                        0x0800371d   Thumb Code   264  menu.o(i.manualSurfaceMenu)
    modeFun                                  0x08003859   Thumb Code    28  menu.o(i.modeFun)
    monitorFun                               0x08003891   Thumb Code   254  menu.o(i.monitorFun)
    peripheralFun                            0x080039c9   Thumb Code    28  menu.o(i.peripheralFun)
    reflowSurfaceMenu                        0x080039f9   Thumb Code    18  menu.o(i.reflowSurfaceMenu)
    settingMenu                              0x08003a11   Thumb Code    86  menu.o(i.settingMenu)
    u8g2Init                                 0x08003ab5   Thumb Code    36  oled.o(i.u8g2Init)
    u8g2_ClearBuffer                         0x08003ae5   Thumb Code    22  u8g2_buffer.o(i.u8g2_ClearBuffer)
    u8g2_DrawBox                             0x08003afb   Thumb Code    68  u8g2_box.o(i.u8g2_DrawBox)
    u8g2_DrawCircle                          0x08003b3f   Thumb Code    62  u8g2_circle.o(i.u8g2_DrawCircle)
    u8g2_DrawDisc                            0x08003b7d   Thumb Code    62  u8g2_circle.o(i.u8g2_DrawDisc)
    u8g2_DrawFrame                           0x08003bbb   Thumb Code   122  u8g2_box.o(i.u8g2_DrawFrame)
    u8g2_DrawGlyph                           0x08003c35   Thumb Code   110  u8g2_font.o(i.u8g2_DrawGlyph)
    u8g2_DrawHLine                           0x08003ca3   Thumb Code    12  u8g2_hvline.o(i.u8g2_DrawHLine)
    u8g2_DrawHVLine                          0x08003caf   Thumb Code   156  u8g2_hvline.o(i.u8g2_DrawHVLine)
    u8g2_DrawLine                            0x08003d4d   Thumb Code   172  u8g2_line.o(i.u8g2_DrawLine)
    u8g2_DrawPixel                           0x08003dfd   Thumb Code    42  u8g2_hvline.o(i.u8g2_DrawPixel)
    u8g2_DrawRBox                            0x08003e27   Thumb Code   228  u8g2_box.o(i.u8g2_DrawRBox)
    u8g2_DrawRFrame                          0x08003f0b   Thumb Code   246  u8g2_box.o(i.u8g2_DrawRFrame)
    u8g2_DrawSelectionList                   0x08004001   Thumb Code   120  u8g2_selection_list.o(i.u8g2_DrawSelectionList)
    u8g2_DrawStr                             0x0800407d   Thumb Code    12  u8g2_font.o(i.u8g2_DrawStr)
    u8g2_DrawUTF8                            0x0800408d   Thumb Code    12  u8g2_font.o(i.u8g2_DrawUTF8)
    u8g2_DrawUTF8Line                        0x0800409d   Thumb Code   206  u8g2_selection_list.o(i.u8g2_DrawUTF8Line)
    u8g2_DrawUTF8Lines                       0x0800416b   Thumb Code    74  u8g2_selection_list.o(i.u8g2_DrawUTF8Lines)
    u8g2_DrawVLine                           0x080041b5   Thumb Code    12  u8g2_hvline.o(i.u8g2_DrawVLine)
    u8g2_FirstPage                           0x080041c1   Thumb Code    28  u8g2_buffer.o(i.u8g2_FirstPage)
    u8g2_GetGlyphWidth                       0x080041dd   Thumb Code    52  u8g2_font.o(i.u8g2_GetGlyphWidth)
    u8g2_GetUTF8Width                        0x08004211   Thumb Code    12  u8g2_font.o(i.u8g2_GetUTF8Width)
    u8g2_IsIntersection                      0x08004221   Thumb Code    38  u8g2_intersection.o(i.u8g2_IsIntersection)
    u8g2_NextPage                            0x08004247   Thumb Code    64  u8g2_buffer.o(i.u8g2_NextPage)
    u8g2_SendBuffer                          0x08004287   Thumb Code    16  u8g2_buffer.o(i.u8g2_SendBuffer)
    u8g2_SetBufferCurrTileRow                0x08004297   Thumb Code    26  u8g2_buffer.o(i.u8g2_SetBufferCurrTileRow)
    u8g2_SetDrawColor                        0x080042b1   Thumb Code    14  u8g2_hvline.o(i.u8g2_SetDrawColor)
    u8g2_SetFont                             0x080042bf   Thumb Code    28  u8g2_font.o(i.u8g2_SetFont)
    u8g2_SetFontDirection                    0x080042db   Thumb Code     6  u8g2_font.o(i.u8g2_SetFontDirection)
    u8g2_SetFontMode                         0x080042e1   Thumb Code     6  u8g2_font.o(i.u8g2_SetFontMode)
    u8g2_SetFontPosBaseline                  0x080042e9   Thumb Code     6  u8g2_font.o(i.u8g2_SetFontPosBaseline)
    u8g2_SetMaxClipWindow                    0x080042f5   Thumb Code    22  u8g2_setup.o(i.u8g2_SetMaxClipWindow)
    u8g2_SetupBuffer                         0x08004311   Thumb Code    62  u8g2_setup.o(i.u8g2_SetupBuffer)
    u8g2_Setup_ssd1306_i2c_128x64_noname_f   0x08004351   Thumb Code    42  u8g2_d_setup.o(i.u8g2_Setup_ssd1306_i2c_128x64_noname_f)
    u8g2_UpdateRefHeight                     0x08004389   Thumb Code    74  u8g2_font.o(i.u8g2_UpdateRefHeight)
    u8g2_UserInterfaceSelectionList          0x080043d3   Thumb Code   268  u8g2_selection_list.o(i.u8g2_UserInterfaceSelectionList)
    u8g2_add_vector_x                        0x080044df   Thumb Code    30  u8g2_font.o(i.u8g2_add_vector_x)
    u8g2_add_vector_y                        0x080044fd   Thumb Code    30  u8g2_font.o(i.u8g2_add_vector_y)
    u8g2_draw_hv_line_2dir                   0x080047bf   Thumb Code    18  u8g2_hvline.o(i.u8g2_draw_hv_line_2dir)
    u8g2_draw_l90_r2                         0x080047d1   Thumb Code    56  u8g2_setup.o(i.u8g2_draw_l90_r2)
    u8g2_font_calc_vref_font                 0x08004881   Thumb Code     4  u8g2_font.o(i.u8g2_font_calc_vref_font)
    u8g2_font_decode_get_signed_bits         0x08004885   Thumb Code    20  u8g2_font.o(i.u8g2_font_decode_get_signed_bits)
    u8g2_font_decode_get_unsigned_bits       0x08004899   Thumb Code    52  u8g2_font.o(i.u8g2_font_decode_get_unsigned_bits)
    u8g2_font_decode_glyph                   0x080048cd   Thumb Code   276  u8g2_font.o(i.u8g2_font_decode_glyph)
    u8g2_font_decode_len                     0x080049e1   Thumb Code   142  u8g2_font.o(i.u8g2_font_decode_len)
    u8g2_font_get_glyph_data                 0x08004a6f   Thumb Code   106  u8g2_font.o(i.u8g2_font_get_glyph_data)
    u8g2_is_intersection_decision_tree       0x08004b1d   Thumb Code    24  u8g2_intersection.o(i.u8g2_is_intersection_decision_tree)
    u8g2_ll_hvline_vertical_top_lsb          0x08004b35   Thumb Code   138  u8g2_ll_hvline.o(i.u8g2_ll_hvline_vertical_top_lsb)
    u8g2_m_16_8_f                            0x08004bc1   Thumb Code     8  u8g2_d_memory.o(i.u8g2_m_16_8_f)
    u8g2_read_font_info                      0x08004bcd   Thumb Code   106  u8g2_font.o(i.u8g2_read_font_info)
    u8g2_update_dimension_r2                 0x08004d3d   Thumb Code     8  u8g2_setup.o(i.u8g2_update_dimension_r2)
    u8g2_update_page_win_r2                  0x08004d45   Thumb Code    40  u8g2_setup.o(i.u8g2_update_page_win_r2)
    u8sl_Next                                0x08004d6d   Thumb Code    42  u8x8_selection_list.o(i.u8sl_Next)
    u8sl_Prev                                0x08004d97   Thumb Code    42  u8x8_selection_list.o(i.u8sl_Prev)
    u8x8_DrawTile                            0x08004dc1   Thumb Code    26  u8x8_display.o(i.u8x8_DrawTile)
    u8x8_GetMenuEvent                        0x08004ddb   Thumb Code   170  u8x8_debounce.o(i.u8x8_GetMenuEvent)
    u8x8_GetStringLineCnt                    0x08004e85   Thumb Code    28  u8x8_string.o(i.u8x8_GetStringLineCnt)
    u8x8_GetStringLineStart                  0x08004ea1   Thumb Code    38  u8x8_string.o(i.u8x8_GetStringLineStart)
    u8x8_InitDisplay                         0x08004ec7   Thumb Code    16  u8x8_display.o(i.u8x8_InitDisplay)
    u8x8_RefreshDisplay                      0x08004ed7   Thumb Code    16  u8x8_display.o(i.u8x8_RefreshDisplay)
    u8x8_SetPowerSave                        0x08004ee7   Thumb Code    16  u8x8_display.o(i.u8x8_SetPowerSave)
    u8x8_Setup                               0x08004ef7   Thumb Code    30  u8x8_setup.o(i.u8x8_Setup)
    u8x8_SetupDefaults                       0x08004f15   Thumb Code    32  u8x8_setup.o(i.u8x8_SetupDefaults)
    u8x8_SetupMemory                         0x08004f39   Thumb Code    16  u8x8_display.o(i.u8x8_SetupMemory)
    u8x8_ascii_next                          0x08004f49   Thumb Code    12  u8x8_8x8.o(i.u8x8_ascii_next)
    u8x8_byte_EndTransfer                    0x08004f59   Thumb Code    16  u8x8_byte.o(i.u8x8_byte_EndTransfer)
    u8x8_byte_SendByte                       0x08004f69   Thumb Code    14  u8x8_byte.o(i.u8x8_byte_SendByte)
    u8x8_byte_StartTransfer                  0x08004f77   Thumb Code    16  u8x8_byte.o(i.u8x8_byte_StartTransfer)
    u8x8_byte_hw_i2c                         0x08004f89   Thumb Code    98  oled.o(i.u8x8_byte_hw_i2c)
    u8x8_cad_EndTransfer                     0x08004ff9   Thumb Code    16  u8x8_cad.o(i.u8x8_cad_EndTransfer)
    u8x8_cad_SendArg                         0x08005009   Thumb Code    16  u8x8_cad.o(i.u8x8_cad_SendArg)
    u8x8_cad_SendCmd                         0x08005019   Thumb Code    16  u8x8_cad.o(i.u8x8_cad_SendCmd)
    u8x8_cad_SendData                        0x08005029   Thumb Code    16  u8x8_cad.o(i.u8x8_cad_SendData)
    u8x8_cad_SendSequence                    0x08005039   Thumb Code   102  u8x8_cad.o(i.u8x8_cad_SendSequence)
    u8x8_cad_StartTransfer                   0x0800509f   Thumb Code    16  u8x8_cad.o(i.u8x8_cad_StartTransfer)
    u8x8_cad_ssd13xx_fast_i2c                0x080050b1   Thumb Code   178  u8x8_cad.o(i.u8x8_cad_ssd13xx_fast_i2c)
    u8x8_d_helper_display_init               0x08005169   Thumb Code    94  u8x8_display.o(i.u8x8_d_helper_display_init)
    u8x8_d_helper_display_setup_memory       0x080051c7   Thumb Code    10  u8x8_display.o(i.u8x8_d_helper_display_setup_memory)
    u8x8_d_ssd1306_128x64_noname             0x080051d1   Thumb Code    54  u8x8_d_ssd1306_128x64_noname.o(i.u8x8_d_ssd1306_128x64_noname)
    u8x8_dummy_cb                            0x080052d1   Thumb Code     4  u8x8_setup.o(i.u8x8_dummy_cb)
    u8x8_gpio_and_delay                      0x080052d5   Thumb Code   112  oled.o(i.u8x8_gpio_and_delay)
    u8x8_gpio_call                           0x08005349   Thumb Code    12  u8x8_gpio.o(i.u8x8_gpio_call)
    u8x8_utf8_init                           0x0800537d   Thumb Code     8  u8x8_8x8.o(i.u8x8_utf8_init)
    u8x8_utf8_next                           0x08005385   Thumb Code   134  u8x8_8x8.o(i.u8x8_utf8_next)
    AHBPrescTable                            0x08005410   Data          16  system_stm32f0xx.o(.constdata)
    APBPrescTable                            0x08005420   Data           8  system_stm32f0xx.o(.constdata)
    u8g2_font_unifont_t_chinese1             0x08005428   Data         256  u8g2_fonts.o(.constdata)
    u8g2_font_helvB10_tr                     0x08005528   Data        1347  u8g2_fonts.o(.constdata)
    u8g2_font_helvB24_tn                     0x08005a6b   Data         461  u8g2_fonts.o(.constdata)
    u8g2_cb_r2                               0x08005c38   Data          12  u8g2_setup.o(.constdata)
    Region$$Table$$Base                      0x08005da0   Number         0  anon$$obj.o(Region$$Table)
    Region$$Table$$Limit                     0x08005dc0   Number         0  anon$$obj.o(Region$$Table)
    ADC_AvergedValue                         0x20000004   Data           8  adc.o(.data)
    loopFunFlag                              0x2000000c   Data           1  myfun.o(.data)
    uwTickFreq                               0x20000014   Data           1  stm32f0xx_hal.o(.data)
    uwTickPrio                               0x20000018   Data           4  stm32f0xx_hal.o(.data)
    uwTick                                   0x2000001c   Data           4  stm32f0xx_hal.o(.data)
    SystemCoreClock                          0x20000020   Data           4  system_stm32f0xx.o(.data)
    ADC_ConvertedValue                       0x2000002c   Data         160  adc.o(.bss)
    hadc                                     0x200000cc   Data          64  adc.o(.bss)
    hdma_adc                                 0x2000010c   Data          68  adc.o(.bss)
    hi2c1                                    0x20000150   Data          76  i2c.o(.bss)
    hrtc                                     0x2000019c   Data          32  rtc.o(.bss)
    htim3                                    0x200001bc   Data          72  tim.o(.bss)
    htim14                                   0x20000204   Data          72  tim.o(.bss)
    htim17                                   0x2000024c   Data          72  tim.o(.bss)
    hdma_tim17_ch1_up                        0x20000294   Data          68  tim.o(.bss)
    huart1                                   0x200002d8   Data         132  usart.o(.bss)
    rtk20s                                   0x2000035c   Data          28  myfun.o(.bss)
    rtk20d                                   0x20000378   Data          12  myfun.o(.bss)
    u8g2                                     0x20000404   Data         148  oled.o(.bss)
    __initial_sp                             0x20000c98   Data           0  startup_stm32f030x6.o(STACK)



==============================================================================

Memory Map of the image

  Image Entry point : 0x080000b1

  Load Region LR_IROM1 (Base: 0x08000000, Size: 0x00005dec, Max: 0x00008000, ABSOLUTE)

    Execution Region ER_IROM1 (Exec base: 0x08000000, Load base: 0x08000000, Size: 0x00005dc0, Max: 0x00008000, ABSOLUTE)

    Exec Addr    Load Addr    Size         Type   Attr      Idx    E Section Name        Object

    0x08000000   0x08000000   0x000000b0   Data   RO            3    RESET               startup_stm32f030x6.o
    0x080000b0   0x080000b0   0x00000000   Code   RO         9931  * .ARM.Collect$$$$00000000  mc_p.l(entry.o)
    0x080000b0   0x080000b0   0x00000004   Code   RO        10205    .ARM.Collect$$$$00000001  mc_p.l(entry2.o)
    0x080000b4   0x080000b4   0x00000004   Code   RO        10208    .ARM.Collect$$$$00000004  mc_p.l(entry5.o)
    0x080000b8   0x080000b8   0x00000000   Code   RO        10210    .ARM.Collect$$$$00000008  mc_p.l(entry7b.o)
    0x080000b8   0x080000b8   0x00000000   Code   RO        10212    .ARM.Collect$$$$0000000A  mc_p.l(entry8b.o)
    0x080000b8   0x080000b8   0x00000008   Code   RO        10213    .ARM.Collect$$$$0000000B  mc_p.l(entry9a.o)
    0x080000c0   0x080000c0   0x00000004   Code   RO        10220    .ARM.Collect$$$$0000000E  mc_p.l(entry12b.o)
    0x080000c4   0x080000c4   0x00000000   Code   RO        10215    .ARM.Collect$$$$0000000F  mc_p.l(entry10a.o)
    0x080000c4   0x080000c4   0x00000000   Code   RO        10217    .ARM.Collect$$$$00000011  mc_p.l(entry11a.o)
    0x080000c4   0x080000c4   0x00000004   Code   RO        10206    .ARM.Collect$$$$00002712  mc_p.l(entry2.o)
    0x080000c8   0x080000c8   0x0000001c   Code   RO            4    .text               startup_stm32f030x6.o
    0x080000e4   0x080000e4   0x0000002c   Code   RO         9934    .text               mc_p.l(uidiv.o)
    0x08000110   0x08000110   0x00000028   Code   RO         9936    .text               mc_p.l(idiv.o)
    0x08000138   0x08000138   0x00000060   Code   RO         9938    .text               mc_p.l(uldiv.o)
    0x08000198   0x08000198   0x00000022   Code   RO         9940    .text               mc_p.l(llushr.o)
    0x080001ba   0x080001ba   0x00000024   Code   RO         9942    .text               mc_p.l(memseta.o)
    0x080001de   0x080001de   0x00000020   Code   RO        10222    .text               mc_p.l(llshl.o)
    0x080001fe   0x080001fe   0x00000002   PAD
    0x08000200   0x08000200   0x00000024   Code   RO        10235    .text               mc_p.l(init.o)
    0x08000224   0x08000224   0x00000010   Code   RO          491    i.ADC1_IRQHandler   stm32f0xx_it.o
    0x08000234   0x08000234   0x0000006c   Code   RO          857    i.ADC_DMAConvCplt   stm32f0xx_hal_adc.o
    0x080002a0   0x080002a0   0x0000001a   Code   RO          858    i.ADC_DMAError      stm32f0xx_hal_adc.o
    0x080002ba   0x080002ba   0x0000000a   Code   RO          859    i.ADC_DMAHalfConvCplt  stm32f0xx_hal_adc.o
    0x080002c4   0x080002c4   0x00000090   Code   RO          861    i.ADC_Enable        stm32f0xx_hal_adc.o
    0x08000354   0x08000354   0x0000002c   Code   RO         9866    i.AT24CXX_Check     24cxx.o
    0x08000380   0x08000380   0x0000002c   Code   RO         9867    i.AT24CXX_Init      24cxx.o
    0x080003ac   0x080003ac   0x00000026   Code   RO         9869    i.AT24CXX_ReadLenByte  24cxx.o
    0x080003d2   0x080003d2   0x00000002   PAD
    0x080003d4   0x080003d4   0x0000002c   Code   RO         9870    i.AT24CXX_ReadOneByte  24cxx.o
    0x08000400   0x08000400   0x00000030   Code   RO         9871    i.AT24CXX_Save      24cxx.o
    0x08000430   0x08000430   0x00000026   Code   RO         9873    i.AT24CXX_WriteLenByte  24cxx.o
    0x08000456   0x08000456   0x00000002   PAD
    0x08000458   0x08000458   0x0000002c   Code   RO         9874    i.AT24CXX_WriteOneByte  24cxx.o
    0x08000484   0x08000484   0x00000048   Code   RO          589    i.All_Init          myfun.o
    0x080004cc   0x080004cc   0x00000018   Code   RO          492    i.DMA1_Channel1_IRQHandler  stm32f0xx_it.o
    0x080004e4   0x080004e4   0x00000010   Code   RO          493    i.DMA1_Channel2_3_IRQHandler  stm32f0xx_it.o
    0x080004f4   0x080004f4   0x00000024   Code   RO         1894    i.DMA_CalcBaseAndBitshift  stm32f0xx_hal_dma.o
    0x08000518   0x08000518   0x00000028   Code   RO         1895    i.DMA_SetConfig     stm32f0xx_hal_dma.o
    0x08000540   0x08000540   0x0000000a   Code   RO          494    i.EXTI0_1_IRQHandler  stm32f0xx_it.o
    0x0800054a   0x0800054a   0x00000010   Code   RO          495    i.EXTI4_15_IRQHandler  stm32f0xx_it.o
    0x0800055a   0x0800055a   0x00000004   Code   RO           12    i.Error_Handler     main.o
    0x0800055e   0x0800055e   0x00000002   PAD
    0x08000560   0x08000560   0x00000110   Code   RO          863    i.HAL_ADC_ConfigChannel  stm32f0xx_hal_adc.o
    0x08000670   0x08000670   0x00000002   Code   RO          864    i.HAL_ADC_ConvCpltCallback  stm32f0xx_hal_adc.o
    0x08000672   0x08000672   0x00000002   Code   RO          865    i.HAL_ADC_ConvHalfCpltCallback  stm32f0xx_hal_adc.o
    0x08000674   0x08000674   0x00000002   Code   RO          867    i.HAL_ADC_ErrorCallback  stm32f0xx_hal_adc.o
    0x08000676   0x08000676   0x000000d0   Code   RO          871    i.HAL_ADC_IRQHandler  stm32f0xx_hal_adc.o
    0x08000746   0x08000746   0x00000002   PAD
    0x08000748   0x08000748   0x00000178   Code   RO          872    i.HAL_ADC_Init      stm32f0xx_hal_adc.o
    0x080008c0   0x080008c0   0x00000002   Code   RO          873    i.HAL_ADC_LevelOutOfWindowCallback  stm32f0xx_hal_adc.o
    0x080008c2   0x080008c2   0x00000002   PAD
    0x080008c4   0x080008c4   0x000000a0   Code   RO          247    i.HAL_ADC_MspInit   adc.o
    0x08000964   0x08000964   0x000000a0   Code   RO          879    i.HAL_ADC_Start_DMA  stm32f0xx_hal_adc.o
    0x08000a04   0x08000a04   0x0000009c   Code   RO         1901    i.HAL_DMA_IRQHandler  stm32f0xx_hal_dma.o
    0x08000aa0   0x08000aa0   0x00000054   Code   RO         1902    i.HAL_DMA_Init      stm32f0xx_hal_dma.o
    0x08000af4   0x08000af4   0x0000006a   Code   RO         1906    i.HAL_DMA_Start_IT  stm32f0xx_hal_dma.o
    0x08000b5e   0x08000b5e   0x00000002   PAD
    0x08000b60   0x08000b60   0x00000024   Code   RO         1183    i.HAL_Delay         stm32f0xx_hal.o
    0x08000b84   0x08000b84   0x000000dc   Code   RO          219    i.HAL_GPIO_EXTI_Callback  gpio.o
    0x08000c60   0x08000c60   0x00000018   Code   RO         1834    i.HAL_GPIO_EXTI_IRQHandler  stm32f0xx_hal_gpio.o
    0x08000c78   0x08000c78   0x000001a4   Code   RO         1835    i.HAL_GPIO_Init     stm32f0xx_hal_gpio.o
    0x08000e1c   0x08000e1c   0x0000000a   Code   RO         1837    i.HAL_GPIO_ReadPin  stm32f0xx_hal_gpio.o
    0x08000e26   0x08000e26   0x0000000c   Code   RO         1839    i.HAL_GPIO_WritePin  stm32f0xx_hal_gpio.o
    0x08000e32   0x08000e32   0x00000002   PAD
    0x08000e34   0x08000e34   0x0000000c   Code   RO         1187    i.HAL_GetTick       stm32f0xx_hal.o
    0x08000e40   0x08000e40   0x0000006a   Code   RO         3698    i.HAL_HalfDuplex_Init  stm32f0xx_hal_uart.o
    0x08000eaa   0x08000eaa   0x0000004a   Code   RO         1794    i.HAL_I2CEx_ConfigAnalogFilter  stm32f0xx_hal_i2c_ex.o
    0x08000ef4   0x08000ef4   0x00000048   Code   RO         1795    i.HAL_I2CEx_ConfigDigitalFilter  stm32f0xx_hal_i2c_ex.o
    0x08000f3c   0x08000f3c   0x000000b4   Code   RO         1347    i.HAL_I2C_Init      stm32f0xx_hal_i2c.o
    0x08000ff0   0x08000ff0   0x00000110   Code   RO         1360    i.HAL_I2C_Master_Transmit  stm32f0xx_hal_i2c.o
    0x08001100   0x08001100   0x00000154   Code   RO         1365    i.HAL_I2C_Mem_Read  stm32f0xx_hal_i2c.o
    0x08001254   0x08001254   0x0000014c   Code   RO         1368    i.HAL_I2C_Mem_Write  stm32f0xx_hal_i2c.o
    0x080013a0   0x080013a0   0x00000064   Code   RO          312    i.HAL_I2C_MspInit   i2c.o
    0x08001404   0x08001404   0x00000010   Code   RO         1193    i.HAL_IncTick       stm32f0xx_hal.o
    0x08001414   0x08001414   0x00000020   Code   RO         1194    i.HAL_Init          stm32f0xx_hal.o
    0x08001434   0x08001434   0x00000044   Code   RO         1195    i.HAL_InitTick      stm32f0xx_hal.o
    0x08001478   0x08001478   0x00000028   Code   RO          569    i.HAL_MspInit       stm32f0xx_hal_msp.o
    0x080014a0   0x080014a0   0x00000018   Code   RO         1992    i.HAL_NVIC_EnableIRQ  stm32f0xx_hal_cortex.o
    0x080014b8   0x080014b8   0x00000008   Code   RO         1996    i.HAL_NVIC_SetPriority  stm32f0xx_hal_cortex.o
    0x080014c0   0x080014c0   0x000000e8   Code   RO         1148    i.HAL_RCCEx_PeriphCLKConfig  stm32f0xx_hal_rcc_ex.o
    0x080015a8   0x080015a8   0x00000108   Code   RO         1053    i.HAL_RCC_ClockConfig  stm32f0xx_hal_rcc.o
    0x080016b0   0x080016b0   0x00000020   Code   RO         1060    i.HAL_RCC_GetPCLK1Freq  stm32f0xx_hal_rcc.o
    0x080016d0   0x080016d0   0x00000080   Code   RO         1061    i.HAL_RCC_GetSysClockFreq  stm32f0xx_hal_rcc.o
    0x08001750   0x08001750   0x00000388   Code   RO         1064    i.HAL_RCC_OscConfig  stm32f0xx_hal_rcc.o
    0x08001ad8   0x08001ad8   0x000000b4   Code   RO         2435    i.HAL_RTC_Init      stm32f0xx_hal_rtc.o
    0x08001b8c   0x08001b8c   0x00000020   Code   RO          350    i.HAL_RTC_MspInit   rtc.o
    0x08001bac   0x08001bac   0x000000bc   Code   RO         2441    i.HAL_RTC_SetDate   stm32f0xx_hal_rtc.o
    0x08001c68   0x08001c68   0x000000dc   Code   RO         2442    i.HAL_RTC_SetTime   stm32f0xx_hal_rtc.o
    0x08001d44   0x08001d44   0x00000034   Code   RO         2443    i.HAL_RTC_WaitForSynchro  stm32f0xx_hal_rtc.o
    0x08001d78   0x08001d78   0x00000030   Code   RO         2000    i.HAL_SYSTICK_Config  stm32f0xx_hal_cortex.o
    0x08001da8   0x08001da8   0x0000005e   Code   RO         3436    i.HAL_TIMEx_ConfigBreakDeadTime  stm32f0xx_hal_tim_ex.o
    0x08001e06   0x08001e06   0x00000002   PAD
    0x08001e08   0x08001e08   0x00000050   Code   RO         3452    i.HAL_TIMEx_MasterConfigSynchronization  stm32f0xx_hal_tim_ex.o
    0x08001e58   0x08001e58   0x00000048   Code   RO         2733    i.HAL_TIM_Base_Init  stm32f0xx_hal_tim.o
    0x08001ea0   0x08001ea0   0x000000a4   Code   RO          388    i.HAL_TIM_Base_MspInit  tim.o
    0x08001f44   0x08001f44   0x000000dc   Code   RO         2742    i.HAL_TIM_ConfigClockSource  stm32f0xx_hal_tim.o
    0x08002020   0x08002020   0x000000a0   Code   RO          389    i.HAL_TIM_MspPostInit  tim.o
    0x080020c0   0x080020c0   0x000000d0   Code   RO         2805    i.HAL_TIM_PWM_ConfigChannel  stm32f0xx_hal_tim.o
    0x08002190   0x08002190   0x00000048   Code   RO         2808    i.HAL_TIM_PWM_Init  stm32f0xx_hal_tim.o
    0x080021d8   0x080021d8   0x00000002   Code   RO         2810    i.HAL_TIM_PWM_MspInit  stm32f0xx_hal_tim.o
    0x080021da   0x080021da   0x00000002   PAD
    0x080021dc   0x080021dc   0x0000009c   Code   RO         2813    i.HAL_TIM_PWM_Start  stm32f0xx_hal_tim.o
    0x08002278   0x08002278   0x00000088   Code   RO         2816    i.HAL_TIM_PWM_Stop  stm32f0xx_hal_tim.o
    0x08002300   0x08002300   0x00000060   Code   RO          444    i.HAL_UART_MspInit  usart.o
    0x08002360   0x08002360   0x00000002   Code   RO          496    i.HardFault_Handler  stm32f0xx_it.o
    0x08002362   0x08002362   0x00000022   Code   RO         1394    i.I2C_Flush_TXDR    stm32f0xx_hal_i2c.o
    0x08002384   0x08002384   0x00000088   Code   RO         1402    i.I2C_IsAcknowledgeFailed  stm32f0xx_hal_i2c.o
    0x0800240c   0x0800240c   0x00000060   Code   RO         1405    i.I2C_RequestMemoryRead  stm32f0xx_hal_i2c.o
    0x0800246c   0x0800246c   0x00000060   Code   RO         1406    i.I2C_RequestMemoryWrite  stm32f0xx_hal_i2c.o
    0x080024cc   0x080024cc   0x00000028   Code   RO         1409    i.I2C_TransferConfig  stm32f0xx_hal_i2c.o
    0x080024f4   0x080024f4   0x0000004e   Code   RO         1411    i.I2C_WaitOnFlagUntilTimeout  stm32f0xx_hal_i2c.o
    0x08002542   0x08002542   0x0000004c   Code   RO         1413    i.I2C_WaitOnSTOPFlagUntilTimeout  stm32f0xx_hal_i2c.o
    0x0800258e   0x0800258e   0x00000050   Code   RO         1414    i.I2C_WaitOnTXISFlagUntilTimeout  stm32f0xx_hal_i2c.o
    0x080025de   0x080025de   0x00000002   PAD
    0x080025e0   0x080025e0   0x000000a4   Code   RO          248    i.MX_ADC_Init       adc.o
    0x08002684   0x08002684   0x00000038   Code   RO          291    i.MX_DMA_Init       dma.o
    0x080026bc   0x080026bc   0x000000ac   Code   RO          220    i.MX_GPIO_Init      gpio.o
    0x08002768   0x08002768   0x00000060   Code   RO          313    i.MX_I2C1_Init      i2c.o
    0x080027c8   0x080027c8   0x0000007c   Code   RO          351    i.MX_RTC_Init       rtc.o
    0x08002844   0x08002844   0x00000070   Code   RO          390    i.MX_TIM14_Init     tim.o
    0x080028b4   0x080028b4   0x000000a0   Code   RO          391    i.MX_TIM17_Init     tim.o
    0x08002954   0x08002954   0x000000a4   Code   RO          392    i.MX_TIM3_Init      tim.o
    0x080029f8   0x080029f8   0x00000038   Code   RO          445    i.MX_USART1_UART_Init  usart.o
    0x08002a30   0x08002a30   0x00000002   Code   RO          497    i.NMI_Handler       stm32f0xx_it.o
    0x08002a32   0x08002a32   0x00000002   Code   RO          498    i.PendSV_Handler    stm32f0xx_it.o
    0x08002a34   0x08002a34   0x00000016   Code   RO         2445    i.RTC_ByteToBcd2    stm32f0xx_hal_rtc.o
    0x08002a4a   0x08002a4a   0x00000038   Code   RO         2446    i.RTC_EnterInitMode  stm32f0xx_hal_rtc.o
    0x08002a82   0x08002a82   0x00000002   Code   RO          499    i.SVC_Handler       stm32f0xx_it.o
    0x08002a84   0x08002a84   0x00000008   Code   RO          500    i.SysTick_Handler   stm32f0xx_it.o
    0x08002a8c   0x08002a8c   0x00000088   Code   RO           13    i.SystemClock_Config  main.o
    0x08002b14   0x08002b14   0x00000002   Code   RO         4120    i.SystemInit        system_stm32f0xx.o
    0x08002b16   0x08002b16   0x00000002   PAD
    0x08002b18   0x08002b18   0x00000078   Code   RO         2826    i.TIM_Base_SetConfig  stm32f0xx_hal_tim.o
    0x08002b90   0x08002b90   0x0000001a   Code   RO         2827    i.TIM_CCxChannelCmd  stm32f0xx_hal_tim.o
    0x08002baa   0x08002baa   0x00000016   Code   RO         2837    i.TIM_ETR_SetConfig  stm32f0xx_hal_tim.o
    0x08002bc0   0x08002bc0   0x00000010   Code   RO         2838    i.TIM_ITRx_SetConfig  stm32f0xx_hal_tim.o
    0x08002bd0   0x08002bd0   0x00000078   Code   RO         2839    i.TIM_OC1_SetConfig  stm32f0xx_hal_tim.o
    0x08002c48   0x08002c48   0x00000074   Code   RO         2840    i.TIM_OC2_SetConfig  stm32f0xx_hal_tim.o
    0x08002cbc   0x08002cbc   0x00000078   Code   RO         2841    i.TIM_OC3_SetConfig  stm32f0xx_hal_tim.o
    0x08002d34   0x08002d34   0x00000060   Code   RO         2842    i.TIM_OC4_SetConfig  stm32f0xx_hal_tim.o
    0x08002d94   0x08002d94   0x00000022   Code   RO         2844    i.TIM_TI1_ConfigInputStage  stm32f0xx_hal_tim.o
    0x08002db6   0x08002db6   0x00000026   Code   RO         2846    i.TIM_TI2_ConfigInputStage  stm32f0xx_hal_tim.o
    0x08002ddc   0x08002ddc   0x000000ca   Code   RO         3737    i.UART_AdvFeatureConfig  stm32f0xx_hal_uart.o
    0x08002ea6   0x08002ea6   0x00000002   PAD
    0x08002ea8   0x08002ea8   0x00000064   Code   RO         3738    i.UART_CheckIdleState  stm32f0xx_hal_uart.o
    0x08002f0c   0x08002f0c   0x0000011c   Code   RO         3753    i.UART_SetConfig    stm32f0xx_hal_uart.o
    0x08003028   0x08003028   0x000000d4   Code   RO         3758    i.UART_WaitOnFlagUntilTimeout  stm32f0xx_hal_uart.o
    0x080030fc   0x080030fc   0x00000048   Code   RO          249    i.USER_ADC_Average  adc.o
    0x08003144   0x08003144   0x00000028   Code   RO        10101    i.__0sprintf$6      mc_p.l(printf6.o)
    0x0800316c   0x0800316c   0x00000030   Code   RO         1138    i.__ARM_common_ll_muluu  stm32f0xx_hal_rcc.o
    0x0800319c   0x0800319c   0x0000001a   Code   RO          690    i.__ARM_common_switch8  menu.o
    0x080031b6   0x080031b6   0x00000002   PAD
    0x080031b8   0x080031b8   0x00000044   Code   RO         2002    i.__NVIC_SetPriority  stm32f0xx_hal_cortex.o
    0x080031fc   0x080031fc   0x0000000e   Code   RO        10245    i.__scatterload_copy  mc_p.l(handlers.o)
    0x0800320a   0x0800320a   0x00000002   Code   RO        10246    i.__scatterload_null  mc_p.l(handlers.o)
    0x0800320c   0x0800320c   0x0000000e   Code   RO        10247    i.__scatterload_zeroinit  mc_p.l(handlers.o)
    0x0800321a   0x0800321a   0x00000002   PAD
    0x0800321c   0x0800321c   0x00000304   Code   RO        10106    i._printf_core      mc_p.l(printf6.o)
    0x08003520   0x08003520   0x00000020   Code   RO        10107    i._printf_post_padding  mc_p.l(printf6.o)
    0x08003540   0x08003540   0x0000002c   Code   RO        10108    i._printf_pre_padding  mc_p.l(printf6.o)
    0x0800356c   0x0800356c   0x0000000a   Code   RO        10110    i._sputc            mc_p.l(printf6.o)
    0x08003576   0x08003576   0x00000002   PAD
    0x08003578   0x08003578   0x000000a0   Code   RO          629    i.aboutFun          menu.o
    0x08003618   0x08003618   0x00000008   Code   RO         4153    i.delay_us          oled.o
    0x08003620   0x08003620   0x00000040   Code   RO          631    i.helloMenu         menu.o
    0x08003660   0x08003660   0x00000028   Code   RO          591    i.loopFun           myfun.o
    0x08003688   0x08003688   0x00000094   Code   RO           14    i.main              main.o
    0x0800371c   0x0800371c   0x0000013c   Code   RO          632    i.manualSurfaceMenu  menu.o
    0x08003858   0x08003858   0x00000038   Code   RO          633    i.modeFun           menu.o
    0x08003890   0x08003890   0x00000138   Code   RO          634    i.monitorFun        menu.o
    0x080039c8   0x080039c8   0x00000030   Code   RO          635    i.peripheralFun     menu.o
    0x080039f8   0x080039f8   0x00000018   Code   RO          636    i.reflowSurfaceMenu  menu.o
    0x08003a10   0x08003a10   0x000000a4   Code   RO          637    i.settingMenu       menu.o
    0x08003ab4   0x08003ab4   0x00000030   Code   RO         4154    i.u8g2Init          oled.o
    0x08003ae4   0x08003ae4   0x00000016   Code   RO         4283    i.u8g2_ClearBuffer  u8g2_buffer.o
    0x08003afa   0x08003afa   0x00000044   Code   RO         4253    i.u8g2_DrawBox      u8g2_box.o
    0x08003b3e   0x08003b3e   0x0000003e   Code   RO         4380    i.u8g2_DrawCircle   u8g2_circle.o
    0x08003b7c   0x08003b7c   0x0000003e   Code   RO         4381    i.u8g2_DrawDisc     u8g2_circle.o
    0x08003bba   0x08003bba   0x0000007a   Code   RO         4254    i.u8g2_DrawFrame    u8g2_box.o
    0x08003c34   0x08003c34   0x0000006e   Code   RO         4489    i.u8g2_DrawGlyph    u8g2_font.o
    0x08003ca2   0x08003ca2   0x0000000c   Code   RO         6534    i.u8g2_DrawHLine    u8g2_hvline.o
    0x08003cae   0x08003cae   0x0000009c   Code   RO         6535    i.u8g2_DrawHVLine   u8g2_hvline.o
    0x08003d4a   0x08003d4a   0x00000002   PAD
    0x08003d4c   0x08003d4c   0x000000b0   Code   RO         6632    i.u8g2_DrawLine     u8g2_line.o
    0x08003dfc   0x08003dfc   0x0000002a   Code   RO         6536    i.u8g2_DrawPixel    u8g2_hvline.o
    0x08003e26   0x08003e26   0x000000e4   Code   RO         4255    i.u8g2_DrawRBox     u8g2_box.o
    0x08003f0a   0x08003f0a   0x000000f6   Code   RO         4256    i.u8g2_DrawRFrame   u8g2_box.o
    0x08004000   0x08004000   0x0000007c   Code   RO         6751    i.u8g2_DrawSelectionList  u8g2_selection_list.o
    0x0800407c   0x0800407c   0x00000010   Code   RO         4490    i.u8g2_DrawStr      u8g2_font.o
    0x0800408c   0x0800408c   0x00000010   Code   RO         4491    i.u8g2_DrawUTF8     u8g2_font.o
    0x0800409c   0x0800409c   0x000000ce   Code   RO         6752    i.u8g2_DrawUTF8Line  u8g2_selection_list.o
    0x0800416a   0x0800416a   0x0000004a   Code   RO         6753    i.u8g2_DrawUTF8Lines  u8g2_selection_list.o
    0x080041b4   0x080041b4   0x0000000c   Code   RO         6537    i.u8g2_DrawVLine    u8g2_hvline.o
    0x080041c0   0x080041c0   0x0000001c   Code   RO         4284    i.u8g2_FirstPage    u8g2_buffer.o
    0x080041dc   0x080041dc   0x00000034   Code   RO         4498    i.u8g2_GetGlyphWidth  u8g2_font.o
    0x08004210   0x08004210   0x00000010   Code   RO         4501    i.u8g2_GetUTF8Width  u8g2_font.o
    0x08004220   0x08004220   0x00000026   Code   RO         6596    i.u8g2_IsIntersection  u8g2_intersection.o
    0x08004246   0x08004246   0x00000040   Code   RO         4285    i.u8g2_NextPage     u8g2_buffer.o
    0x08004286   0x08004286   0x00000010   Code   RO         4286    i.u8g2_SendBuffer   u8g2_buffer.o
    0x08004296   0x08004296   0x0000001a   Code   RO         4287    i.u8g2_SetBufferCurrTileRow  u8g2_buffer.o
    0x080042b0   0x080042b0   0x0000000e   Code   RO         6538    i.u8g2_SetDrawColor  u8g2_hvline.o
    0x080042be   0x080042be   0x0000001c   Code   RO         4504    i.u8g2_SetFont      u8g2_font.o
    0x080042da   0x080042da   0x00000006   Code   RO         4505    i.u8g2_SetFontDirection  u8g2_font.o
    0x080042e0   0x080042e0   0x00000006   Code   RO         4506    i.u8g2_SetFontMode  u8g2_font.o
    0x080042e6   0x080042e6   0x00000002   PAD
    0x080042e8   0x080042e8   0x0000000c   Code   RO         4507    i.u8g2_SetFontPosBaseline  u8g2_font.o
    0x080042f4   0x080042f4   0x0000001c   Code   RO         6784    i.u8g2_SetMaxClipWindow  u8g2_setup.o
    0x08004310   0x08004310   0x0000003e   Code   RO         6785    i.u8g2_SetupBuffer  u8g2_setup.o
    0x0800434e   0x0800434e   0x00000002   PAD
    0x08004350   0x08004350   0x00000038   Code   RO         4475    i.u8g2_Setup_ssd1306_i2c_128x64_noname_f  u8g2_d_setup.o
    0x08004388   0x08004388   0x0000004a   Code   RO         4514    i.u8g2_UpdateRefHeight  u8g2_font.o
    0x080043d2   0x080043d2   0x0000010c   Code   RO         6754    i.u8g2_UserInterfaceSelectionList  u8g2_selection_list.o
    0x080044de   0x080044de   0x0000001e   Code   RO         4515    i.u8g2_add_vector_x  u8g2_font.o
    0x080044fc   0x080044fc   0x0000001e   Code   RO         4516    i.u8g2_add_vector_y  u8g2_font.o
    0x0800451a   0x0800451a   0x00000052   Code   RO         6787    i.u8g2_apply_clip_window  u8g2_setup.o
    0x0800456c   0x0800456c   0x0000003c   Code   RO         6539    i.u8g2_clip_intersection2  u8g2_hvline.o
    0x080045a8   0x080045a8   0x00000056   Code   RO         4384    i.u8g2_draw_circle  u8g2_circle.o
    0x080045fe   0x080045fe   0x000000b0   Code   RO         4385    i.u8g2_draw_circle_section  u8g2_circle.o
    0x080046ae   0x080046ae   0x00000056   Code   RO         4386    i.u8g2_draw_disc    u8g2_circle.o
    0x08004704   0x08004704   0x000000ba   Code   RO         4387    i.u8g2_draw_disc_section  u8g2_circle.o
    0x080047be   0x080047be   0x00000012   Code   RO         6540    i.u8g2_draw_hv_line_2dir  u8g2_hvline.o
    0x080047d0   0x080047d0   0x00000038   Code   RO         6791    i.u8g2_draw_l90_r2  u8g2_setup.o
    0x08004808   0x08004808   0x00000078   Code   RO         4517    i.u8g2_draw_string  u8g2_font.o
    0x08004880   0x08004880   0x00000004   Code   RO         4520    i.u8g2_font_calc_vref_font  u8g2_font.o
    0x08004884   0x08004884   0x00000014   Code   RO         4522    i.u8g2_font_decode_get_signed_bits  u8g2_font.o
    0x08004898   0x08004898   0x00000034   Code   RO         4523    i.u8g2_font_decode_get_unsigned_bits  u8g2_font.o
    0x080048cc   0x080048cc   0x00000114   Code   RO         4524    i.u8g2_font_decode_glyph  u8g2_font.o
    0x080049e0   0x080049e0   0x0000008e   Code   RO         4525    i.u8g2_font_decode_len  u8g2_font.o
    0x08004a6e   0x08004a6e   0x0000006a   Code   RO         4526    i.u8g2_font_get_glyph_data  u8g2_font.o
    0x08004ad8   0x08004ad8   0x0000000e   Code   RO         4527    i.u8g2_font_get_word  u8g2_font.o
    0x08004ae6   0x08004ae6   0x00000036   Code   RO         4528    i.u8g2_font_setup_decode  u8g2_font.o
    0x08004b1c   0x08004b1c   0x00000018   Code   RO         6597    i.u8g2_is_intersection_decision_tree  u8g2_intersection.o
    0x08004b34   0x08004b34   0x0000008a   Code   RO         6645    i.u8g2_ll_hvline_vertical_top_lsb  u8g2_ll_hvline.o
    0x08004bbe   0x08004bbe   0x00000002   PAD
    0x08004bc0   0x08004bc0   0x0000000c   Code   RO         4462    i.u8g2_m_16_8_f     u8g2_d_memory.o
    0x08004bcc   0x08004bcc   0x0000006a   Code   RO         4529    i.u8g2_read_font_info  u8g2_font.o
    0x08004c36   0x08004c36   0x00000046   Code   RO         4294    i.u8g2_send_buffer  u8g2_buffer.o
    0x08004c7c   0x08004c7c   0x00000084   Code   RO         4530    i.u8g2_string_width  u8g2_font.o
    0x08004d00   0x08004d00   0x0000003c   Code   RO         6794    i.u8g2_update_dimension_common  u8g2_setup.o
    0x08004d3c   0x08004d3c   0x00000008   Code   RO         6797    i.u8g2_update_dimension_r2  u8g2_setup.o
    0x08004d44   0x08004d44   0x00000028   Code   RO         6801    i.u8g2_update_page_win_r2  u8g2_setup.o
    0x08004d6c   0x08004d6c   0x0000002a   Code   RO         9676    i.u8sl_Next         u8x8_selection_list.o
    0x08004d96   0x08004d96   0x0000002a   Code   RO         9677    i.u8sl_Prev         u8x8_selection_list.o
    0x08004dc0   0x08004dc0   0x0000001a   Code   RO         9406    i.u8x8_DrawTile     u8x8_display.o
    0x08004dda   0x08004dda   0x000000aa   Code   RO         9391    i.u8x8_GetMenuEvent  u8x8_debounce.o
    0x08004e84   0x08004e84   0x0000001c   Code   RO         9747    i.u8x8_GetStringLineCnt  u8x8_string.o
    0x08004ea0   0x08004ea0   0x00000026   Code   RO         9748    i.u8x8_GetStringLineStart  u8x8_string.o
    0x08004ec6   0x08004ec6   0x00000010   Code   RO         9408    i.u8x8_InitDisplay  u8x8_display.o
    0x08004ed6   0x08004ed6   0x00000010   Code   RO         9410    i.u8x8_RefreshDisplay  u8x8_display.o
    0x08004ee6   0x08004ee6   0x00000010   Code   RO         9413    i.u8x8_SetPowerSave  u8x8_display.o
    0x08004ef6   0x08004ef6   0x0000001e   Code   RO         9712    i.u8x8_Setup        u8x8_setup.o
    0x08004f14   0x08004f14   0x00000024   Code   RO         9713    i.u8x8_SetupDefaults  u8x8_setup.o
    0x08004f38   0x08004f38   0x00000010   Code   RO         9414    i.u8x8_SetupMemory  u8x8_display.o
    0x08004f48   0x08004f48   0x00000010   Code   RO         7079    i.u8x8_ascii_next   u8x8_8x8.o
    0x08004f58   0x08004f58   0x00000010   Code   RO         7205    i.u8x8_byte_EndTransfer  u8x8_byte.o
    0x08004f68   0x08004f68   0x0000000e   Code   RO         7206    i.u8x8_byte_SendByte  u8x8_byte.o
    0x08004f76   0x08004f76   0x00000010   Code   RO         7209    i.u8x8_byte_StartTransfer  u8x8_byte.o
    0x08004f86   0x08004f86   0x00000002   PAD
    0x08004f88   0x08004f88   0x00000070   Code   RO         4155    i.u8x8_byte_hw_i2c  oled.o
    0x08004ff8   0x08004ff8   0x00000010   Code   RO         7325    i.u8x8_cad_EndTransfer  u8x8_cad.o
    0x08005008   0x08005008   0x00000010   Code   RO         7326    i.u8x8_cad_SendArg  u8x8_cad.o
    0x08005018   0x08005018   0x00000010   Code   RO         7327    i.u8x8_cad_SendCmd  u8x8_cad.o
    0x08005028   0x08005028   0x00000010   Code   RO         7328    i.u8x8_cad_SendData  u8x8_cad.o
    0x08005038   0x08005038   0x00000066   Code   RO         7330    i.u8x8_cad_SendSequence  u8x8_cad.o
    0x0800509e   0x0800509e   0x00000010   Code   RO         7331    i.u8x8_cad_StartTransfer  u8x8_cad.o
    0x080050ae   0x080050ae   0x00000002   PAD
    0x080050b0   0x080050b0   0x000000b8   Code   RO         7334    i.u8x8_cad_ssd13xx_fast_i2c  u8x8_cad.o
    0x08005168   0x08005168   0x0000005e   Code   RO         9415    i.u8x8_d_helper_display_init  u8x8_display.o
    0x080051c6   0x080051c6   0x0000000a   Code   RO         9416    i.u8x8_d_helper_display_setup_memory  u8x8_display.o
    0x080051d0   0x080051d0   0x0000003c   Code   RO         8233    i.u8x8_d_ssd1306_128x64_noname  u8x8_d_ssd1306_128x64_noname.o
    0x0800520c   0x0800520c   0x000000c4   Code   RO         8235    i.u8x8_d_ssd1306_sh1106_generic  u8x8_d_ssd1306_128x64_noname.o
    0x080052d0   0x080052d0   0x00000004   Code   RO         9715    i.u8x8_dummy_cb     u8x8_setup.o
    0x080052d4   0x080052d4   0x00000074   Code   RO         4156    i.u8x8_gpio_and_delay  oled.o
    0x08005348   0x08005348   0x0000000c   Code   RO         9634    i.u8x8_gpio_call    u8x8_gpio.o
    0x08005354   0x08005354   0x00000028   Code   RO         7342    i.u8x8_i2c_data_transfer  u8x8_cad.o
    0x0800537c   0x0800537c   0x00000008   Code   RO         7087    i.u8x8_utf8_init    u8x8_8x8.o
    0x08005384   0x08005384   0x0000008c   Code   RO         7088    i.u8x8_utf8_next    u8x8_8x8.o
    0x08005410   0x08005410   0x00000010   Data   RO         4121    .constdata          system_stm32f0xx.o
    0x08005420   0x08005420   0x00000008   Data   RO         4122    .constdata          system_stm32f0xx.o
    0x08005428   0x08005428   0x00000100   Data   RO         5693    .constdata          u8g2_fonts.o
    0x08005528   0x08005528   0x00000543   Data   RO         5828    .constdata          u8g2_fonts.o
    0x08005a6b   0x08005a6b   0x000001cd   Data   RO         5845    .constdata          u8g2_fonts.o
    0x08005c38   0x08005c38   0x0000000c   Data   RO         6805    .constdata          u8g2_setup.o
    0x08005c44   0x08005c44   0x00000114   Data   RO         8236    .constdata          u8x8_d_ssd1306_128x64_noname.o
    0x08005d58   0x08005d58   0x00000046   Data   RO          638    .conststring        menu.o
    0x08005d9e   0x08005d9e   0x00000002   PAD
    0x08005da0   0x08005da0   0x00000020   Data   RO        10243    Region$$Table       anon$$obj.o


    Execution Region RW_IRAM1 (Exec base: 0x20000000, Load base: 0x08005dc0, Size: 0x00000c98, Max: 0x00001000, ABSOLUTE)

    Exec Addr    Load Addr    Size         Type   Attr      Idx    E Section Name        Object

    0x20000000   0x08005dc0   0x00000004   Data   RW          221    .data               gpio.o
    0x20000004   0x08005dc4   0x00000008   Data   RW          251    .data               adc.o
    0x2000000c   0x08005dcc   0x00000008   Data   RW          594    .data               myfun.o
    0x20000014   0x08005dd4   0x0000000c   Data   RW         1201    .data               stm32f0xx_hal.o
    0x20000020   0x08005de0   0x00000004   Data   RW         4123    .data               system_stm32f0xx.o
    0x20000024   0x08005de4   0x00000001   Data   RW         4159    .data               oled.o
    0x20000025   0x08005de5   0x00000006   Data   RW         7344    .data               u8x8_cad.o
    0x2000002b   0x08005deb   0x00000001   PAD
    0x2000002c        -       0x00000124   Zero   RW          250    .bss                adc.o
    0x20000150        -       0x0000004c   Zero   RW          314    .bss                i2c.o
    0x2000019c        -       0x00000020   Zero   RW          352    .bss                rtc.o
    0x200001bc        -       0x0000011c   Zero   RW          393    .bss                tim.o
    0x200002d8        -       0x00000084   Zero   RW          447    .bss                usart.o
    0x2000035c        -       0x0000001c   Zero   RW          592    .bss                myfun.o
    0x20000378        -       0x0000000c   Zero   RW          593    .bss                myfun.o
    0x20000384        -       0x00000080   Zero   RW         4157    .bss                oled.o
    0x20000404        -       0x00000094   Zero   RW         4158    .bss                oled.o
    0x20000498        -       0x00000400   Zero   RW         4463    .bss                u8g2_d_memory.o
    0x20000898        -       0x00000400   Zero   RW            1    STACK               startup_stm32f030x6.o


==============================================================================

Image component sizes


      Code (inc. data)   RO Data    RW Data    ZI Data      Debug   Object Name

       300         26          0          0          0       4600   24cxx.o
       396         42          0          8        292       2511   adc.o
        56          4          0          0          0        726   dma.o
       392         22          0          4          0       1628   gpio.o
       196         20          0          0         76       1589   i2c.o
       288         22          0          0          0     444376   main.o
      1170        334         70          0          0     152370   menu.o
       112         26          0          8         40       2666   myfun.o
       284         30          0          1        276     150114   oled.o
       156         20          0          0         32       1471   rtc.o
        28          8        176          0       1024        620   startup_stm32f030x6.o
       164         30          0         12          0       7737   stm32f0xx_hal.o
      1312         58          0          0          0       8721   stm32f0xx_hal_adc.o
       148         24          0          0          0      10281   stm32f0xx_hal_cortex.o
       422         16          0          0          0       4067   stm32f0xx_hal_dma.o
       466         30          0          0          0       3290   stm32f0xx_hal_gpio.o
      1760         48          0          0          0      12408   stm32f0xx_hal_i2c.o
       146          0          0          0          0       1871   stm32f0xx_hal_i2c_ex.o
        40          6          0          0          0        806   stm32f0xx_hal_msp.o
      1376         92          0          0          0       4589   stm32f0xx_hal_rcc.o
       232         14          0          0          0       1340   stm32f0xx_hal_rcc_ex.o
       718         14          0          0          0       5068   stm32f0xx_hal_rtc.o
      1574        104          0          0          0      12727   stm32f0xx_hal_tim.o
       174          8          0          0          0       2076   stm32f0xx_hal_tim_ex.o
       904         22          0          0          0       7971   stm32f0xx_hal_uart.o
        98         20          0          0          0       4356   stm32f0xx_it.o
         2          0         24          4          0       1087   system_stm32f0xx.o
       760         82          0          0        284       3904   tim.o
       664          0          0          0          0       3146   u8g2_box.o
       226          0          0          0          0       4020   u8g2_buffer.o
       658          0          0          0          0       5874   u8g2_circle.o
        12          4          0          0       1024        832   u8g2_d_memory.o
        56         14          0          0          0       1049   u8g2_d_setup.o
      1422         28          0          0          0      17248   u8g2_font.o
         0          0       2064          0          0     131909   u8g2_fonts.o
       314          0          0          0          0       4762   u8g2_hvline.o
        62          0          0          0          0       1827   u8g2_intersection.o
       176          4          0          0          0       1320   u8g2_line.o
       138          0          0          0          0       1402   u8g2_ll_hvline.o
       672          4          0          0          0       5152   u8g2_selection_list.o
       336          6         12          0          0     134797   u8g2_setup.o
       164         10          0          0          0       2476   u8x8_8x8.o
        46          0          0          0          0       1611   u8x8_byte.o
       406         14          0          6          0       8884   u8x8_cad.o
       256         10        276          0          0       2891   u8x8_d_ssd1306_128x64_noname.o
       170          0          0          0          0       1588   u8x8_debounce.o
       194          0          0          0          0       4198   u8x8_display.o
        12          0          0          0          0        569   u8x8_gpio.o
        84          0          0          0          0       1056   u8x8_selection_list.o
        70          4          0          0          0       1670   u8x8_setup.o
        66          0          0          0          0       1740   u8x8_string.o
       152         18          0          0        132       1678   usart.o

    ----------------------------------------------------------------------
     20068       1238       2656         44       3180    1196669   Object Totals
         0          0         32          0          0          0   (incl. Generated)
        38          0          2          1          0          0   (incl. Padding)

    ----------------------------------------------------------------------

      Code (inc. data)   RO Data    RW Data    ZI Data      Debug   Library Member Name

         0          0          0          0          0          0   entry.o
         0          0          0          0          0          0   entry10a.o
         0          0          0          0          0          0   entry11a.o
         4          0          0          0          0          0   entry12b.o
         8          4          0          0          0          0   entry2.o
         4          0          0          0          0          0   entry5.o
         0          0          0          0          0          0   entry7b.o
         0          0          0          0          0          0   entry8b.o
         8          4          0          0          0          0   entry9a.o
        30          0          0          0          0          0   handlers.o
        40          0          0          0          0         72   idiv.o
        36          8          0          0          0         68   init.o
        32          0          0          0          0         68   llshl.o
        34          0          0          0          0         68   llushr.o
        36          0          0          0          0        100   memseta.o
       898          8          0          0          0        384   printf6.o
        44          0          0          0          0         72   uidiv.o
        96          0          0          0          0         84   uldiv.o

    ----------------------------------------------------------------------
      1276         24          0          0          0        916   Library Totals
         6          0          0          0          0          0   (incl. Padding)

    ----------------------------------------------------------------------

      Code (inc. data)   RO Data    RW Data    ZI Data      Debug   Library Name

      1270         24          0          0          0        916   mc_p.l

    ----------------------------------------------------------------------
      1276         24          0          0          0        916   Library Totals

    ----------------------------------------------------------------------

==============================================================================


      Code (inc. data)   RO Data    RW Data    ZI Data      Debug   

     21344       1262       2656         44       3180    1187441   Grand Totals
     21344       1262       2656         44       3180    1187441   ELF Image Totals
     21344       1262       2656         44          0          0   ROM Totals

==============================================================================

    Total RO  Size (Code + RO Data)                24000 (  23.44kB)
    Total RW  Size (RW Data + ZI Data)              3224 (   3.15kB)
    Total ROM Size (Code + RO Data + RW Data)      24044 (  23.48kB)

==============================================================================

